[0.012s] Invoking command in '/home/axel/dynabot-ros/src/vectornav/build/vectornav_msgs': CMAKE_PREFIX_PATH=${CMAKE_PREFIX_PATH}:/home/axel/dynabot-ros/install/motor_test:/home/axel/dynabot-ros/install/motor_control:/home/axel/dynabot-ros/install/lane_detection:/home/axel/dynabot-ros/install/joystick_control:/home/axel/dynabot-ros/install/dynabot_lidar:/home/axel/dynabot-ros/install/dynabot_imu:/home/axel/dynabot-ros/install/dynabot_encoders:/home/axel/dynabot-ros/install/dynabot_cv:/home/axel/dynabot-ros/install/dynabot_camera:/opt/ros/humble /usr/bin/cmake /home/axel/dynabot-ros/src/vectornav/vectornav_msgs -DCMAKE_INSTALL_PREFIX=/home/axel/dynabot-ros/src/vectornav/install/vectornav_msgs
[0.201s] -- The C compiler identification is GNU 11.4.0
[0.290s] -- The CXX compiler identification is GNU 11.4.0
[0.303s] -- Detecting C compiler ABI info
[0.436s] -- Detecting C compiler ABI info - done
[0.448s] -- Check for working C compiler: /usr/bin/cc - skipped
[0.450s] -- Detecting C compile features
[0.451s] -- Detecting C compile features - done
[0.455s] -- Detecting CXX compiler ABI info
[0.556s] -- Detecting CXX compiler ABI info - done
[0.565s] -- Check for working CXX compiler: /usr/bin/c++ - skipped
[0.565s] -- Detecting CXX compile features
[0.566s] -- Detecting CXX compile features - done
[0.578s] -- Found ament_cmake: 1.3.11 (/opt/ros/humble/share/ament_cmake/cmake)
[0.792s] -- Found Python3: /usr/bin/python3 (found version "3.10.12") found components: Interpreter 
[1.000s] -- Found geometry_msgs: 4.2.4 (/opt/ros/humble/share/geometry_msgs/cmake)
[1.092s] -- Found rosidl_generator_c: 3.1.6 (/opt/ros/humble/share/rosidl_generator_c/cmake)
[1.106s] -- Found rosidl_adapter: 3.1.6 (/opt/ros/humble/share/rosidl_adapter/cmake)
[1.129s] -- Found rosidl_generator_cpp: 3.1.6 (/opt/ros/humble/share/rosidl_generator_cpp/cmake)
[1.165s] -- Using all available rosidl_typesupport_c: rosidl_typesupport_fastrtps_c;rosidl_typesupport_introspection_c
[1.205s] -- Using all available rosidl_typesupport_cpp: rosidl_typesupport_fastrtps_cpp;rosidl_typesupport_introspection_cpp
[1.285s] -- Found rosidl_default_generators: 1.2.0 (/opt/ros/humble/share/rosidl_default_generators/cmake)
[1.303s] [0mGrabbing messages action/MagCal.action[0m
[1.870s] -- Found ament_cmake_ros: 0.10.0 (/opt/ros/humble/share/ament_cmake_ros/cmake)
[2.461s] -- Using all available rosidl_typesupport_c: rosidl_typesupport_fastrtps_c;rosidl_typesupport_introspection_c
[2.721s] -- Using all available rosidl_typesupport_cpp: rosidl_typesupport_fastrtps_cpp;rosidl_typesupport_introspection_cpp
[2.756s] -- Found PythonInterp: /usr/bin/python3 (found suitable version "3.10.12", minimum required is "3.6") 
[2.760s] -- Found python_cmake_module: 0.10.0 (/opt/ros/humble/share/python_cmake_module/cmake)
[2.798s] -- Found PythonLibs: /usr/lib/x86_64-linux-gnu/libpython3.10.so (found suitable version "3.10.12", minimum required is "3.5") 
[2.798s] -- Using PYTHON_EXECUTABLE: /usr/bin/python3
[2.798s] -- Using PYTHON_INCLUDE_DIRS: /usr/include/python3.10
[2.798s] -- Using PYTHON_LIBRARIES: /usr/lib/x86_64-linux-gnu/libpython3.10.so
[2.826s] -- Found PythonExtra: .so  
[2.951s] -- Configuring done
[3.013s] -- Generating done
[3.028s] -- Build files have been written to: /home/axel/dynabot-ros/src/vectornav/build/vectornav_msgs
[3.040s] Invoked command in '/home/axel/dynabot-ros/src/vectornav/build/vectornav_msgs' returned '0': CMAKE_PREFIX_PATH=${CMAKE_PREFIX_PATH}:/home/axel/dynabot-ros/install/motor_test:/home/axel/dynabot-ros/install/motor_control:/home/axel/dynabot-ros/install/lane_detection:/home/axel/dynabot-ros/install/joystick_control:/home/axel/dynabot-ros/install/dynabot_lidar:/home/axel/dynabot-ros/install/dynabot_imu:/home/axel/dynabot-ros/install/dynabot_encoders:/home/axel/dynabot-ros/install/dynabot_cv:/home/axel/dynabot-ros/install/dynabot_camera:/opt/ros/humble /usr/bin/cmake /home/axel/dynabot-ros/src/vectornav/vectornav_msgs -DCMAKE_INSTALL_PREFIX=/home/axel/dynabot-ros/src/vectornav/install/vectornav_msgs
[3.043s] Invoking command in '/home/axel/dynabot-ros/src/vectornav/build/vectornav_msgs': CMAKE_PREFIX_PATH=${CMAKE_PREFIX_PATH}:/home/axel/dynabot-ros/install/motor_test:/home/axel/dynabot-ros/install/motor_control:/home/axel/dynabot-ros/install/lane_detection:/home/axel/dynabot-ros/install/joystick_control:/home/axel/dynabot-ros/install/dynabot_lidar:/home/axel/dynabot-ros/install/dynabot_imu:/home/axel/dynabot-ros/install/dynabot_encoders:/home/axel/dynabot-ros/install/dynabot_cv:/home/axel/dynabot-ros/install/dynabot_camera:/opt/ros/humble /usr/bin/cmake --build /home/axel/dynabot-ros/src/vectornav/build/vectornav_msgs -- -j8 -l8
[3.096s] [  1%] [34m[1mGenerating C code for ROS interfaces[0m
[3.110s] [  1%] [34m[1mGenerating C++ code for ROS interfaces[0m
[3.119s] [  1%] Built target ament_cmake_python_copy_vectornav_msgs
[3.450s] running egg_info
[3.450s] creating vectornav_msgs.egg-info
[3.451s] writing vectornav_msgs.egg-info/PKG-INFO
[3.451s] writing dependency_links to vectornav_msgs.egg-info/dependency_links.txt
[3.451s] writing top-level names to vectornav_msgs.egg-info/top_level.txt
[3.451s] writing manifest file 'vectornav_msgs.egg-info/SOURCES.txt'
[3.453s] reading manifest file 'vectornav_msgs.egg-info/SOURCES.txt'
[3.454s] writing manifest file 'vectornav_msgs.egg-info/SOURCES.txt'
[3.486s] [  1%] Built target ament_cmake_python_build_vectornav_msgs_egg
[5.209s] [  2%] [32mBuilding C object CMakeFiles/vectornav_msgs__rosidl_generator_c.dir/rosidl_generator_c/vectornav_msgs/msg/detail/attitude_group__functions.c.o[0m
[5.210s] [  3%] [32mBuilding C object CMakeFiles/vectornav_msgs__rosidl_generator_c.dir/rosidl_generator_c/vectornav_msgs/msg/detail/common_group__functions.c.o[0m
[5.216s] [  4%] [32mBuilding C object CMakeFiles/vectornav_msgs__rosidl_generator_c.dir/rosidl_generator_c/vectornav_msgs/msg/detail/dop__functions.c.o[0m
[5.224s] [  4%] [32mBuilding C object CMakeFiles/vectornav_msgs__rosidl_generator_c.dir/rosidl_generator_c/vectornav_msgs/msg/detail/gps_group__functions.c.o[0m
[5.226s] [  5%] [32mBuilding C object CMakeFiles/vectornav_msgs__rosidl_generator_c.dir/rosidl_generator_c/vectornav_msgs/msg/detail/imu_group__functions.c.o[0m
[5.231s] [  6%] [32mBuilding C object CMakeFiles/vectornav_msgs__rosidl_generator_c.dir/rosidl_generator_c/vectornav_msgs/msg/detail/ins_group__functions.c.o[0m
[5.234s] [  7%] [32mBuilding C object CMakeFiles/vectornav_msgs__rosidl_generator_c.dir/rosidl_generator_c/vectornav_msgs/msg/detail/ins_status__functions.c.o[0m
[5.275s] [  7%] Built target vectornav_msgs__cpp
[5.293s] [  8%] [32mBuilding C object CMakeFiles/vectornav_msgs__rosidl_generator_c.dir/rosidl_generator_c/vectornav_msgs/msg/detail/time_group__functions.c.o[0m
[5.318s] [  9%] [32mBuilding C object CMakeFiles/vectornav_msgs__rosidl_generator_c.dir/rosidl_generator_c/vectornav_msgs/msg/detail/time_status__functions.c.o[0m
[5.331s] [ 10%] [34m[1mGenerating C++ type support dispatch for ROS interfaces[0m
[5.334s] [ 10%] [32mBuilding C object CMakeFiles/vectornav_msgs__rosidl_generator_c.dir/rosidl_generator_c/vectornav_msgs/msg/detail/time_utc__functions.c.o[0m
[5.335s] [ 11%] [32mBuilding C object CMakeFiles/vectornav_msgs__rosidl_generator_c.dir/rosidl_generator_c/vectornav_msgs/msg/detail/vpe_status__functions.c.o[0m
[5.340s] [ 12%] [34m[1mGenerating C++ type support for eProsima Fast-RTPS[0m
[5.340s] [ 12%] [32mBuilding C object CMakeFiles/vectornav_msgs__rosidl_generator_c.dir/rosidl_generator_c/vectornav_msgs/action/detail/mag_cal__functions.c.o[0m
[5.353s] [ 13%] [34m[1mGenerating C++ introspection for ROS interfaces[0m
[5.528s] [ 14%] [32m[1mLinking C shared library libvectornav_msgs__rosidl_generator_c.so[0m
[5.581s] [ 14%] Built target vectornav_msgs__rosidl_generator_c
[5.600s] [ 17%] [34m[1mGenerating C type support dispatch for ROS interfaces[0m
[5.600s] [ 17%] [34m[1mGenerating C introspection for ROS interfaces[0m
[5.600s] [ 17%] [34m[1mGenerating C type support for eProsima Fast-RTPS[0m
[7.123s] [ 19%] [32mBuilding CXX object CMakeFiles/vectornav_msgs__rosidl_typesupport_cpp.dir/rosidl_typesupport_cpp/vectornav_msgs/msg/common_group__type_support.cpp.o[0m
[7.124s] [ 20%] [32mBuilding CXX object CMakeFiles/vectornav_msgs__rosidl_typesupport_cpp.dir/rosidl_typesupport_cpp/vectornav_msgs/msg/dop__type_support.cpp.o[0m
[7.124s] [ 20%] [32mBuilding CXX object CMakeFiles/vectornav_msgs__rosidl_typesupport_cpp.dir/rosidl_typesupport_cpp/vectornav_msgs/msg/attitude_group__type_support.cpp.o[0m
[7.551s] [ 21%] [32mBuilding CXX object CMakeFiles/vectornav_msgs__rosidl_typesupport_c.dir/rosidl_typesupport_c/vectornav_msgs/msg/attitude_group__type_support.cpp.o[0m
[7.620s] [ 21%] [32mBuilding CXX object CMakeFiles/vectornav_msgs__rosidl_typesupport_c.dir/rosidl_typesupport_c/vectornav_msgs/msg/common_group__type_support.cpp.o[0m
[7.685s] [ 22%] [32mBuilding CXX object CMakeFiles/vectornav_msgs__rosidl_typesupport_c.dir/rosidl_typesupport_c/vectornav_msgs/msg/dop__type_support.cpp.o[0m
[7.707s] [ 23%] [32mBuilding CXX object CMakeFiles/vectornav_msgs__rosidl_typesupport_c.dir/rosidl_typesupport_c/vectornav_msgs/msg/gps_group__type_support.cpp.o[0m
[7.710s] [ 24%] [32mBuilding CXX object CMakeFiles/vectornav_msgs__rosidl_typesupport_c.dir/rosidl_typesupport_c/vectornav_msgs/msg/imu_group__type_support.cpp.o[0m
[7.745s] [ 25%] [32mBuilding CXX object CMakeFiles/vectornav_msgs__rosidl_typesupport_c.dir/rosidl_typesupport_c/vectornav_msgs/msg/ins_group__type_support.cpp.o[0m
[7.749s] [ 26%] [32mBuilding CXX object CMakeFiles/vectornav_msgs__rosidl_typesupport_cpp.dir/rosidl_typesupport_cpp/vectornav_msgs/msg/gps_group__type_support.cpp.o[0m
[7.772s] [ 26%] [32mBuilding CXX object CMakeFiles/vectornav_msgs__rosidl_typesupport_cpp.dir/rosidl_typesupport_cpp/vectornav_msgs/msg/imu_group__type_support.cpp.o[0m
[7.773s] [ 27%] [32mBuilding CXX object CMakeFiles/vectornav_msgs__rosidl_typesupport_cpp.dir/rosidl_typesupport_cpp/vectornav_msgs/msg/ins_group__type_support.cpp.o[0m
[7.810s] [ 28%] [32mBuilding CXX object CMakeFiles/vectornav_msgs__rosidl_typesupport_c.dir/rosidl_typesupport_c/vectornav_msgs/msg/ins_status__type_support.cpp.o[0m
[7.871s] [ 28%] [32mBuilding CXX object CMakeFiles/vectornav_msgs__rosidl_typesupport_c.dir/rosidl_typesupport_c/vectornav_msgs/msg/time_group__type_support.cpp.o[0m
[7.930s] [ 29%] [32mBuilding CXX object CMakeFiles/vectornav_msgs__rosidl_typesupport_c.dir/rosidl_typesupport_c/vectornav_msgs/msg/time_status__type_support.cpp.o[0m
[7.994s] [ 30%] [32mBuilding CXX object CMakeFiles/vectornav_msgs__rosidl_typesupport_c.dir/rosidl_typesupport_c/vectornav_msgs/msg/time_utc__type_support.cpp.o[0m
[8.049s] [ 31%] [32mBuilding CXX object CMakeFiles/vectornav_msgs__rosidl_typesupport_c.dir/rosidl_typesupport_c/vectornav_msgs/msg/vpe_status__type_support.cpp.o[0m
[8.112s] [ 32%] [32mBuilding CXX object CMakeFiles/vectornav_msgs__rosidl_typesupport_c.dir/rosidl_typesupport_c/vectornav_msgs/action/mag_cal__type_support.cpp.o[0m
[8.214s] [ 33%] [32m[1mLinking CXX shared library libvectornav_msgs__rosidl_typesupport_c.so[0m
[8.303s] [ 33%] Built target vectornav_msgs__rosidl_typesupport_c
[8.319s] [ 34%] [32mBuilding CXX object CMakeFiles/vectornav_msgs__rosidl_typesupport_cpp.dir/rosidl_typesupport_cpp/vectornav_msgs/msg/ins_status__type_support.cpp.o[0m
[8.347s] [ 36%] [32mBuilding CXX object CMakeFiles/vectornav_msgs__rosidl_typesupport_cpp.dir/rosidl_typesupport_cpp/vectornav_msgs/msg/time_status__type_support.cpp.o[0m
[8.347s] [ 36%] [32mBuilding CXX object CMakeFiles/vectornav_msgs__rosidl_typesupport_cpp.dir/rosidl_typesupport_cpp/vectornav_msgs/msg/time_group__type_support.cpp.o[0m
[8.356s] [ 37%] [32mBuilding CXX object CMakeFiles/vectornav_msgs__rosidl_typesupport_cpp.dir/rosidl_typesupport_cpp/vectornav_msgs/msg/time_utc__type_support.cpp.o[0m
[8.868s] [ 37%] [32mBuilding CXX object CMakeFiles/vectornav_msgs__rosidl_typesupport_cpp.dir/rosidl_typesupport_cpp/vectornav_msgs/msg/vpe_status__type_support.cpp.o[0m
[8.920s] [ 38%] [32mBuilding CXX object CMakeFiles/vectornav_msgs__rosidl_typesupport_cpp.dir/rosidl_typesupport_cpp/vectornav_msgs/action/mag_cal__type_support.cpp.o[0m
[8.939s] [ 39%] [32mBuilding CXX object CMakeFiles/vectornav_msgs__rosidl_typesupport_introspection_cpp.dir/rosidl_typesupport_introspection_cpp/vectornav_msgs/msg/detail/dop__type_support.cpp.o[0m
[8.939s] [ 40%] [32mBuilding CXX object CMakeFiles/vectornav_msgs__rosidl_typesupport_introspection_cpp.dir/rosidl_typesupport_introspection_cpp/vectornav_msgs/msg/detail/common_group__type_support.cpp.o[0m
[8.940s] [ 40%] [32mBuilding CXX object CMakeFiles/vectornav_msgs__rosidl_typesupport_introspection_cpp.dir/rosidl_typesupport_introspection_cpp/vectornav_msgs/msg/detail/attitude_group__type_support.cpp.o[0m
[9.535s] [ 41%] [32mBuilding CXX object CMakeFiles/vectornav_msgs__rosidl_typesupport_introspection_cpp.dir/rosidl_typesupport_introspection_cpp/vectornav_msgs/msg/detail/gps_group__type_support.cpp.o[0m
[9.558s] [ 42%] [32mBuilding C object CMakeFiles/vectornav_msgs__rosidl_typesupport_introspection_c.dir/rosidl_typesupport_introspection_c/vectornav_msgs/msg/detail/attitude_group__type_support.c.o[0m
[9.644s] [ 43%] [32mBuilding CXX object CMakeFiles/vectornav_msgs__rosidl_typesupport_fastrtps_cpp.dir/rosidl_typesupport_fastrtps_cpp/vectornav_msgs/msg/detail/dds_fastrtps/attitude_group__type_support.cpp.o[0m
[9.682s] [ 44%] [32mBuilding C object CMakeFiles/vectornav_msgs__rosidl_typesupport_introspection_c.dir/rosidl_typesupport_introspection_c/vectornav_msgs/msg/detail/common_group__type_support.c.o[0m
[9.775s] [ 45%] [32mBuilding C object CMakeFiles/vectornav_msgs__rosidl_typesupport_introspection_c.dir/rosidl_typesupport_introspection_c/vectornav_msgs/msg/detail/dop__type_support.c.o[0m
[9.851s] [ 46%] [32mBuilding C object CMakeFiles/vectornav_msgs__rosidl_typesupport_introspection_c.dir/rosidl_typesupport_introspection_c/vectornav_msgs/msg/detail/gps_group__type_support.c.o[0m
[9.852s] [ 46%] [32mBuilding CXX object CMakeFiles/vectornav_msgs__rosidl_typesupport_fastrtps_cpp.dir/rosidl_typesupport_fastrtps_cpp/vectornav_msgs/msg/detail/dds_fastrtps/common_group__type_support.cpp.o[0m
[9.869s] [ 47%] [32mBuilding CXX object CMakeFiles/vectornav_msgs__rosidl_typesupport_fastrtps_cpp.dir/rosidl_typesupport_fastrtps_cpp/vectornav_msgs/msg/detail/dds_fastrtps/dop__type_support.cpp.o[0m
[9.902s] [ 48%] [32mBuilding CXX object CMakeFiles/vectornav_msgs__rosidl_typesupport_fastrtps_cpp.dir/rosidl_typesupport_fastrtps_cpp/vectornav_msgs/msg/detail/dds_fastrtps/gps_group__type_support.cpp.o[0m
[9.935s] [ 49%] [32mBuilding C object CMakeFiles/vectornav_msgs__rosidl_typesupport_introspection_c.dir/rosidl_typesupport_introspection_c/vectornav_msgs/msg/detail/imu_group__type_support.c.o[0m
[9.994s] [ 50%] [32m[1mLinking CXX shared library libvectornav_msgs__rosidl_typesupport_cpp.so[0m
[10.009s] [ 51%] [32mBuilding C object CMakeFiles/vectornav_msgs__rosidl_typesupport_introspection_c.dir/rosidl_typesupport_introspection_c/vectornav_msgs/msg/detail/ins_group__type_support.c.o[0m
[10.027s] [ 52%] [32mBuilding CXX object CMakeFiles/vectornav_msgs__rosidl_typesupport_fastrtps_c.dir/rosidl_typesupport_fastrtps_c/vectornav_msgs/msg/detail/attitude_group__type_support_c.cpp.o[0m
[10.087s] [ 53%] [32mBuilding C object CMakeFiles/vectornav_msgs__rosidl_typesupport_introspection_c.dir/rosidl_typesupport_introspection_c/vectornav_msgs/msg/detail/ins_status__type_support.c.o[0m
[10.090s] [ 53%] Built target vectornav_msgs__rosidl_typesupport_cpp
[10.110s] [ 54%] [32mBuilding CXX object CMakeFiles/vectornav_msgs__rosidl_typesupport_fastrtps_c.dir/rosidl_typesupport_fastrtps_c/vectornav_msgs/msg/detail/common_group__type_support_c.cpp.o[0m
[10.159s] [ 55%] [32mBuilding C object CMakeFiles/vectornav_msgs__rosidl_typesupport_introspection_c.dir/rosidl_typesupport_introspection_c/vectornav_msgs/msg/detail/time_group__type_support.c.o[0m
[10.236s] [ 56%] [32mBuilding C object CMakeFiles/vectornav_msgs__rosidl_typesupport_introspection_c.dir/rosidl_typesupport_introspection_c/vectornav_msgs/msg/detail/time_status__type_support.c.o[0m
[10.312s] [ 57%] [32mBuilding C object CMakeFiles/vectornav_msgs__rosidl_typesupport_introspection_c.dir/rosidl_typesupport_introspection_c/vectornav_msgs/msg/detail/time_utc__type_support.c.o[0m
[10.386s] [ 57%] [32mBuilding C object CMakeFiles/vectornav_msgs__rosidl_typesupport_introspection_c.dir/rosidl_typesupport_introspection_c/vectornav_msgs/msg/detail/vpe_status__type_support.c.o[0m
[10.460s] [ 58%] [32mBuilding C object CMakeFiles/vectornav_msgs__rosidl_typesupport_introspection_c.dir/rosidl_typesupport_introspection_c/vectornav_msgs/action/detail/mag_cal__type_support.c.o[0m
[10.478s] [ 59%] [32mBuilding CXX object CMakeFiles/vectornav_msgs__rosidl_typesupport_introspection_cpp.dir/rosidl_typesupport_introspection_cpp/vectornav_msgs/msg/detail/imu_group__type_support.cpp.o[0m
[10.561s] [ 59%] [32mBuilding CXX object CMakeFiles/vectornav_msgs__rosidl_typesupport_fastrtps_c.dir/rosidl_typesupport_fastrtps_c/vectornav_msgs/msg/detail/dop__type_support_c.cpp.o[0m
[10.593s] [ 60%] [32m[1mLinking C shared library libvectornav_msgs__rosidl_typesupport_introspection_c.so[0m
[10.672s] [ 60%] Built target vectornav_msgs__rosidl_typesupport_introspection_c
[10.689s] [ 61%] [32mBuilding CXX object CMakeFiles/vectornav_msgs__rosidl_typesupport_fastrtps_c.dir/rosidl_typesupport_fastrtps_c/vectornav_msgs/msg/detail/gps_group__type_support_c.cpp.o[0m
[10.756s] [ 62%] [32mBuilding CXX object CMakeFiles/vectornav_msgs__rosidl_typesupport_introspection_cpp.dir/rosidl_typesupport_introspection_cpp/vectornav_msgs/msg/detail/ins_group__type_support.cpp.o[0m
[10.763s] [ 63%] [32mBuilding CXX object CMakeFiles/vectornav_msgs__rosidl_typesupport_fastrtps_c.dir/rosidl_typesupport_fastrtps_c/vectornav_msgs/msg/detail/imu_group__type_support_c.cpp.o[0m
[10.841s] [ 64%] [32mBuilding CXX object CMakeFiles/vectornav_msgs__rosidl_typesupport_fastrtps_cpp.dir/rosidl_typesupport_fastrtps_cpp/vectornav_msgs/msg/detail/dds_fastrtps/imu_group__type_support.cpp.o[0m
[10.868s] [ 64%] [32mBuilding CXX object CMakeFiles/vectornav_msgs__rosidl_typesupport_introspection_cpp.dir/rosidl_typesupport_introspection_cpp/vectornav_msgs/msg/detail/ins_status__type_support.cpp.o[0m
[10.914s] [ 65%] [32mBuilding CXX object CMakeFiles/vectornav_msgs__rosidl_typesupport_introspection_cpp.dir/rosidl_typesupport_introspection_cpp/vectornav_msgs/msg/detail/time_group__type_support.cpp.o[0m
[11.354s] [ 66%] [32mBuilding CXX object CMakeFiles/vectornav_msgs__rosidl_typesupport_introspection_cpp.dir/rosidl_typesupport_introspection_cpp/vectornav_msgs/msg/detail/time_status__type_support.cpp.o[0m
[11.363s] [ 66%] [32mBuilding CXX object CMakeFiles/vectornav_msgs__rosidl_typesupport_fastrtps_cpp.dir/rosidl_typesupport_fastrtps_cpp/vectornav_msgs/msg/detail/dds_fastrtps/ins_group__type_support.cpp.o[0m
[11.492s] [ 67%] [32mBuilding CXX object CMakeFiles/vectornav_msgs__rosidl_typesupport_introspection_cpp.dir/rosidl_typesupport_introspection_cpp/vectornav_msgs/msg/detail/time_utc__type_support.cpp.o[0m
[11.518s] [ 68%] [32mBuilding CXX object CMakeFiles/vectornav_msgs__rosidl_typesupport_fastrtps_c.dir/rosidl_typesupport_fastrtps_c/vectornav_msgs/msg/detail/ins_group__type_support_c.cpp.o[0m
[11.668s] [ 69%] [32mBuilding CXX object CMakeFiles/vectornav_msgs__rosidl_typesupport_fastrtps_c.dir/rosidl_typesupport_fastrtps_c/vectornav_msgs/msg/detail/ins_status__type_support_c.cpp.o[0m
[11.725s] [ 70%] [32mBuilding CXX object CMakeFiles/vectornav_msgs__rosidl_typesupport_fastrtps_c.dir/rosidl_typesupport_fastrtps_c/vectornav_msgs/msg/detail/time_group__type_support_c.cpp.o[0m
[11.733s] [ 70%] [32mBuilding CXX object CMakeFiles/vectornav_msgs__rosidl_typesupport_fastrtps_c.dir/rosidl_typesupport_fastrtps_c/vectornav_msgs/msg/detail/time_status__type_support_c.cpp.o[0m
[11.778s] [ 71%] [32mBuilding CXX object CMakeFiles/vectornav_msgs__rosidl_typesupport_fastrtps_c.dir/rosidl_typesupport_fastrtps_c/vectornav_msgs/msg/detail/time_utc__type_support_c.cpp.o[0m
[12.238s] [ 72%] [32mBuilding CXX object CMakeFiles/vectornav_msgs__rosidl_typesupport_fastrtps_cpp.dir/rosidl_typesupport_fastrtps_cpp/vectornav_msgs/msg/detail/dds_fastrtps/ins_status__type_support.cpp.o[0m
[12.258s] [ 73%] [32mBuilding CXX object CMakeFiles/vectornav_msgs__rosidl_typesupport_fastrtps_c.dir/rosidl_typesupport_fastrtps_c/vectornav_msgs/msg/detail/vpe_status__type_support_c.cpp.o[0m
[12.272s] [ 74%] [32mBuilding CXX object CMakeFiles/vectornav_msgs__rosidl_typesupport_introspection_cpp.dir/rosidl_typesupport_introspection_cpp/vectornav_msgs/msg/detail/vpe_status__type_support.cpp.o[0m
[12.306s] [ 75%] [32mBuilding CXX object CMakeFiles/vectornav_msgs__rosidl_typesupport_fastrtps_c.dir/rosidl_typesupport_fastrtps_c/vectornav_msgs/action/detail/mag_cal__type_support_c.cpp.o[0m
[12.395s] [ 76%] [32mBuilding CXX object CMakeFiles/vectornav_msgs__rosidl_typesupport_fastrtps_cpp.dir/rosidl_typesupport_fastrtps_cpp/vectornav_msgs/msg/detail/dds_fastrtps/time_group__type_support.cpp.o[0m
[12.486s] [ 77%] [32mBuilding CXX object CMakeFiles/vectornav_msgs__rosidl_typesupport_fastrtps_cpp.dir/rosidl_typesupport_fastrtps_cpp/vectornav_msgs/msg/detail/dds_fastrtps/time_status__type_support.cpp.o[0m
[12.539s] [ 78%] [32mBuilding CXX object CMakeFiles/vectornav_msgs__rosidl_typesupport_fastrtps_cpp.dir/rosidl_typesupport_fastrtps_cpp/vectornav_msgs/msg/detail/dds_fastrtps/time_utc__type_support.cpp.o[0m
[12.552s] [ 79%] [32mBuilding CXX object CMakeFiles/vectornav_msgs__rosidl_typesupport_introspection_cpp.dir/rosidl_typesupport_introspection_cpp/vectornav_msgs/action/detail/mag_cal__type_support.cpp.o[0m
[13.010s] [ 80%] [32mBuilding CXX object CMakeFiles/vectornav_msgs__rosidl_typesupport_fastrtps_cpp.dir/rosidl_typesupport_fastrtps_cpp/vectornav_msgs/msg/detail/dds_fastrtps/vpe_status__type_support.cpp.o[0m
[13.113s] [ 80%] [32mBuilding CXX object CMakeFiles/vectornav_msgs__rosidl_typesupport_fastrtps_cpp.dir/rosidl_typesupport_fastrtps_cpp/vectornav_msgs/action/detail/dds_fastrtps/mag_cal__type_support.cpp.o[0m
[13.216s] [ 81%] [32m[1mLinking CXX shared library libvectornav_msgs__rosidl_typesupport_fastrtps_c.so[0m
[13.370s] [ 81%] Built target vectornav_msgs__rosidl_typesupport_fastrtps_c
[13.697s] [ 82%] [32m[1mLinking CXX shared library libvectornav_msgs__rosidl_typesupport_introspection_cpp.so[0m
[13.808s] [ 82%] Built target vectornav_msgs__rosidl_typesupport_introspection_cpp
[13.920s] [ 83%] [32m[1mLinking CXX shared library libvectornav_msgs__rosidl_typesupport_fastrtps_cpp.so[0m
[14.033s] [ 83%] Built target vectornav_msgs__rosidl_typesupport_fastrtps_cpp
[14.061s] [ 83%] Built target vectornav_msgs
[14.089s] [ 84%] [34m[1mGenerating Python code for ROS interfaces[0m
[17.606s] [ 84%] Built target vectornav_msgs__py
[17.638s] [ 87%] [32mBuilding C object CMakeFiles/vectornav_msgs__rosidl_generator_py.dir/rosidl_generator_py/vectornav_msgs/msg/_common_group_s.c.o[0m
[17.638s] [ 87%] [32mBuilding C object CMakeFiles/vectornav_msgs__rosidl_generator_py.dir/rosidl_generator_py/vectornav_msgs/msg/_attitude_group_s.c.o[0m
[17.639s] [ 88%] [32mBuilding C object CMakeFiles/vectornav_msgs__rosidl_generator_py.dir/rosidl_generator_py/vectornav_msgs/msg/_imu_group_s.c.o[0m
[17.639s] [ 89%] [32mBuilding C object CMakeFiles/vectornav_msgs__rosidl_generator_py.dir/rosidl_generator_py/vectornav_msgs/msg/_ins_group_s.c.o[0m
[17.639s] [ 90%] [32mBuilding C object CMakeFiles/vectornav_msgs__rosidl_generator_py.dir/rosidl_generator_py/vectornav_msgs/msg/_dop_s.c.o[0m
[17.639s] [ 90%] [32mBuilding C object CMakeFiles/vectornav_msgs__rosidl_generator_py.dir/rosidl_generator_py/vectornav_msgs/msg/_ins_status_s.c.o[0m
[17.639s] [ 90%] [32mBuilding C object CMakeFiles/vectornav_msgs__rosidl_generator_py.dir/rosidl_generator_py/vectornav_msgs/msg/_gps_group_s.c.o[0m
[17.642s] [ 91%] [32mBuilding C object CMakeFiles/vectornav_msgs__rosidl_generator_py.dir/rosidl_generator_py/vectornav_msgs/msg/_time_group_s.c.o[0m
[17.897s] [ 92%] [32mBuilding C object CMakeFiles/vectornav_msgs__rosidl_generator_py.dir/rosidl_generator_py/vectornav_msgs/msg/_time_status_s.c.o[0m
[17.901s] [ 92%] [32mBuilding C object CMakeFiles/vectornav_msgs__rosidl_generator_py.dir/rosidl_generator_py/vectornav_msgs/msg/_time_utc_s.c.o[0m
[17.903s] [ 93%] [32mBuilding C object CMakeFiles/vectornav_msgs__rosidl_generator_py.dir/rosidl_generator_py/vectornav_msgs/msg/_vpe_status_s.c.o[0m
[17.906s] [ 94%] [32mBuilding C object CMakeFiles/vectornav_msgs__rosidl_generator_py.dir/rosidl_generator_py/vectornav_msgs/action/_mag_cal_s.c.o[0m
[18.098s] [ 95%] [32m[1mLinking C shared library rosidl_generator_py/vectornav_msgs/libvectornav_msgs__rosidl_generator_py.so[0m
[18.158s] [ 95%] Built target vectornav_msgs__rosidl_generator_py
[18.185s] [ 97%] [32mBuilding C object CMakeFiles/vectornav_msgs__rosidl_typesupport_introspection_c__pyext.dir/rosidl_generator_py/vectornav_msgs/_vectornav_msgs_s.ep.rosidl_typesupport_introspection_c.c.o[0m
[18.185s] [ 97%] [32mBuilding C object CMakeFiles/vectornav_msgs__rosidl_typesupport_fastrtps_c__pyext.dir/rosidl_generator_py/vectornav_msgs/_vectornav_msgs_s.ep.rosidl_typesupport_fastrtps_c.c.o[0m
[18.185s] [ 97%] [32mBuilding C object CMakeFiles/vectornav_msgs__rosidl_typesupport_c__pyext.dir/rosidl_generator_py/vectornav_msgs/_vectornav_msgs_s.ep.rosidl_typesupport_c.c.o[0m
[18.380s] [100%] [32m[1mLinking C shared library rosidl_generator_py/vectornav_msgs/vectornav_msgs_s__rosidl_typesupport_fastrtps_c.cpython-310-x86_64-linux-gnu.so[0m
[18.380s] [100%] [32m[1mLinking C shared library rosidl_generator_py/vectornav_msgs/vectornav_msgs_s__rosidl_typesupport_c.cpython-310-x86_64-linux-gnu.so[0m
[18.380s] [100%] [32m[1mLinking C shared library rosidl_generator_py/vectornav_msgs/vectornav_msgs_s__rosidl_typesupport_introspection_c.cpython-310-x86_64-linux-gnu.so[0m
[18.436s] [100%] Built target vectornav_msgs__rosidl_typesupport_c__pyext
[18.436s] [100%] Built target vectornav_msgs__rosidl_typesupport_fastrtps_c__pyext
[18.436s] [100%] Built target vectornav_msgs__rosidl_typesupport_introspection_c__pyext
[18.453s] Invoked command in '/home/axel/dynabot-ros/src/vectornav/build/vectornav_msgs' returned '0': CMAKE_PREFIX_PATH=${CMAKE_PREFIX_PATH}:/home/axel/dynabot-ros/install/motor_test:/home/axel/dynabot-ros/install/motor_control:/home/axel/dynabot-ros/install/lane_detection:/home/axel/dynabot-ros/install/joystick_control:/home/axel/dynabot-ros/install/dynabot_lidar:/home/axel/dynabot-ros/install/dynabot_imu:/home/axel/dynabot-ros/install/dynabot_encoders:/home/axel/dynabot-ros/install/dynabot_cv:/home/axel/dynabot-ros/install/dynabot_camera:/opt/ros/humble /usr/bin/cmake --build /home/axel/dynabot-ros/src/vectornav/build/vectornav_msgs -- -j8 -l8
[18.465s] Invoking command in '/home/axel/dynabot-ros/src/vectornav/build/vectornav_msgs': CMAKE_PREFIX_PATH=${CMAKE_PREFIX_PATH}:/home/axel/dynabot-ros/install/motor_test:/home/axel/dynabot-ros/install/motor_control:/home/axel/dynabot-ros/install/lane_detection:/home/axel/dynabot-ros/install/joystick_control:/home/axel/dynabot-ros/install/dynabot_lidar:/home/axel/dynabot-ros/install/dynabot_imu:/home/axel/dynabot-ros/install/dynabot_encoders:/home/axel/dynabot-ros/install/dynabot_cv:/home/axel/dynabot-ros/install/dynabot_camera:/opt/ros/humble /usr/bin/cmake --install /home/axel/dynabot-ros/src/vectornav/build/vectornav_msgs
[18.476s] -- Install configuration: ""
[18.476s] -- Installing: /home/axel/dynabot-ros/src/vectornav/install/vectornav_msgs/share/ament_index/resource_index/rosidl_interfaces/vectornav_msgs
[18.476s] -- Installing: /home/axel/dynabot-ros/src/vectornav/install/vectornav_msgs/include/vectornav_msgs/vectornav_msgs
[18.476s] -- Installing: /home/axel/dynabot-ros/src/vectornav/install/vectornav_msgs/include/vectornav_msgs/vectornav_msgs/msg
[18.476s] -- Installing: /home/axel/dynabot-ros/src/vectornav/install/vectornav_msgs/include/vectornav_msgs/vectornav_msgs/msg/ins_group.h
[18.476s] -- Installing: /home/axel/dynabot-ros/src/vectornav/install/vectornav_msgs/include/vectornav_msgs/vectornav_msgs/msg/dop.h
[18.476s] -- Installing: /home/axel/dynabot-ros/src/vectornav/install/vectornav_msgs/include/vectornav_msgs/vectornav_msgs/msg/time_group.h
[18.477s] -- Installing: /home/axel/dynabot-ros/src/vectornav/install/vectornav_msgs/include/vectornav_msgs/vectornav_msgs/msg/vpe_status.h
[18.477s] -- Installing: /home/axel/dynabot-ros/src/vectornav/install/vectornav_msgs/include/vectornav_msgs/vectornav_msgs/msg/rosidl_generator_c__visibility_control.h
[18.477s] -- Installing: /home/axel/dynabot-ros/src/vectornav/install/vectornav_msgs/include/vectornav_msgs/vectornav_msgs/msg/ins_status.h
[18.477s] -- Installing: /home/axel/dynabot-ros/src/vectornav/install/vectornav_msgs/include/vectornav_msgs/vectornav_msgs/msg/common_group.h
[18.477s] -- Installing: /home/axel/dynabot-ros/src/vectornav/install/vectornav_msgs/include/vectornav_msgs/vectornav_msgs/msg/attitude_group.h
[18.477s] -- Installing: /home/axel/dynabot-ros/src/vectornav/install/vectornav_msgs/include/vectornav_msgs/vectornav_msgs/msg/gps_group.h
[18.477s] -- Installing: /home/axel/dynabot-ros/src/vectornav/install/vectornav_msgs/include/vectornav_msgs/vectornav_msgs/msg/time_status.h
[18.477s] -- Installing: /home/axel/dynabot-ros/src/vectornav/install/vectornav_msgs/include/vectornav_msgs/vectornav_msgs/msg/detail
[18.477s] -- Installing: /home/axel/dynabot-ros/src/vectornav/install/vectornav_msgs/include/vectornav_msgs/vectornav_msgs/msg/detail/time_status__functions.c
[18.478s] -- Installing: /home/axel/dynabot-ros/src/vectornav/install/vectornav_msgs/include/vectornav_msgs/vectornav_msgs/msg/detail/ins_status__struct.h
[18.478s] -- Installing: /home/axel/dynabot-ros/src/vectornav/install/vectornav_msgs/include/vectornav_msgs/vectornav_msgs/msg/detail/attitude_group__type_support.h
[18.478s] -- Installing: /home/axel/dynabot-ros/src/vectornav/install/vectornav_msgs/include/vectornav_msgs/vectornav_msgs/msg/detail/dop__functions.c
[18.478s] -- Installing: /home/axel/dynabot-ros/src/vectornav/install/vectornav_msgs/include/vectornav_msgs/vectornav_msgs/msg/detail/ins_group__functions.h
[18.478s] -- Installing: /home/axel/dynabot-ros/src/vectornav/install/vectornav_msgs/include/vectornav_msgs/vectornav_msgs/msg/detail/ins_status__functions.c
[18.478s] -- Installing: /home/axel/dynabot-ros/src/vectornav/install/vectornav_msgs/include/vectornav_msgs/vectornav_msgs/msg/detail/gps_group__functions.h
[18.479s] -- Installing: /home/axel/dynabot-ros/src/vectornav/install/vectornav_msgs/include/vectornav_msgs/vectornav_msgs/msg/detail/time_utc__functions.h
[18.479s] -- Installing: /home/axel/dynabot-ros/src/vectornav/install/vectornav_msgs/include/vectornav_msgs/vectornav_msgs/msg/detail/ins_group__struct.h
[18.479s] -- Installing: /home/axel/dynabot-ros/src/vectornav/install/vectornav_msgs/include/vectornav_msgs/vectornav_msgs/msg/detail/vpe_status__functions.c
[18.479s] -- Installing: /home/axel/dynabot-ros/src/vectornav/install/vectornav_msgs/include/vectornav_msgs/vectornav_msgs/msg/detail/time_group__functions.h
[18.479s] -- Installing: /home/axel/dynabot-ros/src/vectornav/install/vectornav_msgs/include/vectornav_msgs/vectornav_msgs/msg/detail/ins_status__functions.h
[18.479s] -- Installing: /home/axel/dynabot-ros/src/vectornav/install/vectornav_msgs/include/vectornav_msgs/vectornav_msgs/msg/detail/imu_group__struct.h
[18.479s] -- Installing: /home/axel/dynabot-ros/src/vectornav/install/vectornav_msgs/include/vectornav_msgs/vectornav_msgs/msg/detail/time_status__type_support.h
[18.480s] -- Installing: /home/axel/dynabot-ros/src/vectornav/install/vectornav_msgs/include/vectornav_msgs/vectornav_msgs/msg/detail/gps_group__struct.h
[18.480s] -- Installing: /home/axel/dynabot-ros/src/vectornav/install/vectornav_msgs/include/vectornav_msgs/vectornav_msgs/msg/detail/common_group__functions.h
[18.480s] -- Installing: /home/axel/dynabot-ros/src/vectornav/install/vectornav_msgs/include/vectornav_msgs/vectornav_msgs/msg/detail/vpe_status__struct.h
[18.480s] -- Installing: /home/axel/dynabot-ros/src/vectornav/install/vectornav_msgs/include/vectornav_msgs/vectornav_msgs/msg/detail/ins_group__type_support.h
[18.480s] -- Installing: /home/axel/dynabot-ros/src/vectornav/install/vectornav_msgs/include/vectornav_msgs/vectornav_msgs/msg/detail/time_status__functions.h
[18.480s] -- Installing: /home/axel/dynabot-ros/src/vectornav/install/vectornav_msgs/include/vectornav_msgs/vectornav_msgs/msg/detail/dop__struct.h
[18.480s] -- Installing: /home/axel/dynabot-ros/src/vectornav/install/vectornav_msgs/include/vectornav_msgs/vectornav_msgs/msg/detail/time_group__functions.c
[18.480s] -- Installing: /home/axel/dynabot-ros/src/vectornav/install/vectornav_msgs/include/vectornav_msgs/vectornav_msgs/msg/detail/time_status__struct.h
[18.481s] -- Installing: /home/axel/dynabot-ros/src/vectornav/install/vectornav_msgs/include/vectornav_msgs/vectornav_msgs/msg/detail/common_group__functions.c
[18.481s] -- Installing: /home/axel/dynabot-ros/src/vectornav/install/vectornav_msgs/include/vectornav_msgs/vectornav_msgs/msg/detail/time_group__type_support.h
[18.481s] -- Installing: /home/axel/dynabot-ros/src/vectornav/install/vectornav_msgs/include/vectornav_msgs/vectornav_msgs/msg/detail/attitude_group__functions.c
[18.481s] -- Installing: /home/axel/dynabot-ros/src/vectornav/install/vectornav_msgs/include/vectornav_msgs/vectornav_msgs/msg/detail/common_group__struct.h
[18.481s] -- Installing: /home/axel/dynabot-ros/src/vectornav/install/vectornav_msgs/include/vectornav_msgs/vectornav_msgs/msg/detail/dop__functions.h
[18.481s] -- Installing: /home/axel/dynabot-ros/src/vectornav/install/vectornav_msgs/include/vectornav_msgs/vectornav_msgs/msg/detail/dop__type_support.h
[18.481s] -- Installing: /home/axel/dynabot-ros/src/vectornav/install/vectornav_msgs/include/vectornav_msgs/vectornav_msgs/msg/detail/ins_status__type_support.h
[18.482s] -- Installing: /home/axel/dynabot-ros/src/vectornav/install/vectornav_msgs/include/vectornav_msgs/vectornav_msgs/msg/detail/time_group__struct.h
[18.482s] -- Installing: /home/axel/dynabot-ros/src/vectornav/install/vectornav_msgs/include/vectornav_msgs/vectornav_msgs/msg/detail/vpe_status__functions.h
[18.482s] -- Installing: /home/axel/dynabot-ros/src/vectornav/install/vectornav_msgs/include/vectornav_msgs/vectornav_msgs/msg/detail/time_utc__type_support.h
[18.482s] -- Installing: /home/axel/dynabot-ros/src/vectornav/install/vectornav_msgs/include/vectornav_msgs/vectornav_msgs/msg/detail/time_utc__struct.h
[18.482s] -- Installing: /home/axel/dynabot-ros/src/vectornav/install/vectornav_msgs/include/vectornav_msgs/vectornav_msgs/msg/detail/gps_group__functions.c
[18.482s] -- Installing: /home/axel/dynabot-ros/src/vectornav/install/vectornav_msgs/include/vectornav_msgs/vectornav_msgs/msg/detail/vpe_status__type_support.h
[18.482s] -- Installing: /home/axel/dynabot-ros/src/vectornav/install/vectornav_msgs/include/vectornav_msgs/vectornav_msgs/msg/detail/imu_group__functions.c
[18.483s] -- Installing: /home/axel/dynabot-ros/src/vectornav/install/vectornav_msgs/include/vectornav_msgs/vectornav_msgs/msg/detail/imu_group__functions.h
[18.483s] -- Installing: /home/axel/dynabot-ros/src/vectornav/install/vectornav_msgs/include/vectornav_msgs/vectornav_msgs/msg/detail/attitude_group__functions.h
[18.483s] -- Installing: /home/axel/dynabot-ros/src/vectornav/install/vectornav_msgs/include/vectornav_msgs/vectornav_msgs/msg/detail/gps_group__type_support.h
[18.483s] -- Installing: /home/axel/dynabot-ros/src/vectornav/install/vectornav_msgs/include/vectornav_msgs/vectornav_msgs/msg/detail/attitude_group__struct.h
[18.483s] -- Installing: /home/axel/dynabot-ros/src/vectornav/install/vectornav_msgs/include/vectornav_msgs/vectornav_msgs/msg/detail/common_group__type_support.h
[18.483s] -- Installing: /home/axel/dynabot-ros/src/vectornav/install/vectornav_msgs/include/vectornav_msgs/vectornav_msgs/msg/detail/time_utc__functions.c
[18.483s] -- Installing: /home/axel/dynabot-ros/src/vectornav/install/vectornav_msgs/include/vectornav_msgs/vectornav_msgs/msg/detail/imu_group__type_support.h
[18.484s] -- Installing: /home/axel/dynabot-ros/src/vectornav/install/vectornav_msgs/include/vectornav_msgs/vectornav_msgs/msg/detail/ins_group__functions.c
[18.484s] -- Installing: /home/axel/dynabot-ros/src/vectornav/install/vectornav_msgs/include/vectornav_msgs/vectornav_msgs/msg/time_utc.h
[18.484s] -- Installing: /home/axel/dynabot-ros/src/vectornav/install/vectornav_msgs/include/vectornav_msgs/vectornav_msgs/msg/imu_group.h
[18.484s] -- Installing: /home/axel/dynabot-ros/src/vectornav/install/vectornav_msgs/include/vectornav_msgs/vectornav_msgs/action
[18.484s] -- Installing: /home/axel/dynabot-ros/src/vectornav/install/vectornav_msgs/include/vectornav_msgs/vectornav_msgs/action/mag_cal.h
[18.484s] -- Installing: /home/axel/dynabot-ros/src/vectornav/install/vectornav_msgs/include/vectornav_msgs/vectornav_msgs/action/detail
[18.484s] -- Installing: /home/axel/dynabot-ros/src/vectornav/install/vectornav_msgs/include/vectornav_msgs/vectornav_msgs/action/detail/mag_cal__functions.c
[18.484s] -- Installing: /home/axel/dynabot-ros/src/vectornav/install/vectornav_msgs/include/vectornav_msgs/vectornav_msgs/action/detail/mag_cal__functions.h
[18.485s] -- Installing: /home/axel/dynabot-ros/src/vectornav/install/vectornav_msgs/include/vectornav_msgs/vectornav_msgs/action/detail/mag_cal__struct.h
[18.485s] -- Installing: /home/axel/dynabot-ros/src/vectornav/install/vectornav_msgs/include/vectornav_msgs/vectornav_msgs/action/detail/mag_cal__type_support.h
[18.485s] -- Installing: /home/axel/dynabot-ros/src/vectornav/install/vectornav_msgs/share/vectornav_msgs/environment/library_path.sh
[18.485s] -- Installing: /home/axel/dynabot-ros/src/vectornav/install/vectornav_msgs/share/vectornav_msgs/environment/library_path.dsv
[18.486s] -- Installing: /home/axel/dynabot-ros/src/vectornav/install/vectornav_msgs/lib/libvectornav_msgs__rosidl_generator_c.so
[18.486s] -- Set runtime path of "/home/axel/dynabot-ros/src/vectornav/install/vectornav_msgs/lib/libvectornav_msgs__rosidl_generator_c.so" to ""
[18.487s] -- Up-to-date: /home/axel/dynabot-ros/src/vectornav/install/vectornav_msgs/include/vectornav_msgs/vectornav_msgs
[18.487s] -- Up-to-date: /home/axel/dynabot-ros/src/vectornav/install/vectornav_msgs/include/vectornav_msgs/vectornav_msgs/msg
[18.487s] -- Installing: /home/axel/dynabot-ros/src/vectornav/install/vectornav_msgs/include/vectornav_msgs/vectornav_msgs/msg/rosidl_typesupport_fastrtps_c__visibility_control.h
[18.487s] -- Up-to-date: /home/axel/dynabot-ros/src/vectornav/install/vectornav_msgs/include/vectornav_msgs/vectornav_msgs/msg/detail
[18.487s] -- Installing: /home/axel/dynabot-ros/src/vectornav/install/vectornav_msgs/include/vectornav_msgs/vectornav_msgs/msg/detail/imu_group__rosidl_typesupport_fastrtps_c.h
[18.487s] -- Installing: /home/axel/dynabot-ros/src/vectornav/install/vectornav_msgs/include/vectornav_msgs/vectornav_msgs/msg/detail/time_status__rosidl_typesupport_fastrtps_c.h
[18.488s] -- Installing: /home/axel/dynabot-ros/src/vectornav/install/vectornav_msgs/include/vectornav_msgs/vectornav_msgs/msg/detail/common_group__rosidl_typesupport_fastrtps_c.h
[18.488s] -- Installing: /home/axel/dynabot-ros/src/vectornav/install/vectornav_msgs/include/vectornav_msgs/vectornav_msgs/msg/detail/time_group__rosidl_typesupport_fastrtps_c.h
[18.488s] -- Installing: /home/axel/dynabot-ros/src/vectornav/install/vectornav_msgs/include/vectornav_msgs/vectornav_msgs/msg/detail/gps_group__rosidl_typesupport_fastrtps_c.h
[18.488s] -- Installing: /home/axel/dynabot-ros/src/vectornav/install/vectornav_msgs/include/vectornav_msgs/vectornav_msgs/msg/detail/dop__rosidl_typesupport_fastrtps_c.h
[18.488s] -- Installing: /home/axel/dynabot-ros/src/vectornav/install/vectornav_msgs/include/vectornav_msgs/vectornav_msgs/msg/detail/time_utc__rosidl_typesupport_fastrtps_c.h
[18.488s] -- Installing: /home/axel/dynabot-ros/src/vectornav/install/vectornav_msgs/include/vectornav_msgs/vectornav_msgs/msg/detail/ins_status__rosidl_typesupport_fastrtps_c.h
[18.489s] -- Installing: /home/axel/dynabot-ros/src/vectornav/install/vectornav_msgs/include/vectornav_msgs/vectornav_msgs/msg/detail/vpe_status__rosidl_typesupport_fastrtps_c.h
[18.489s] -- Installing: /home/axel/dynabot-ros/src/vectornav/install/vectornav_msgs/include/vectornav_msgs/vectornav_msgs/msg/detail/ins_group__rosidl_typesupport_fastrtps_c.h
[18.489s] -- Installing: /home/axel/dynabot-ros/src/vectornav/install/vectornav_msgs/include/vectornav_msgs/vectornav_msgs/msg/detail/attitude_group__rosidl_typesupport_fastrtps_c.h
[18.489s] -- Up-to-date: /home/axel/dynabot-ros/src/vectornav/install/vectornav_msgs/include/vectornav_msgs/vectornav_msgs/action
[18.489s] -- Up-to-date: /home/axel/dynabot-ros/src/vectornav/install/vectornav_msgs/include/vectornav_msgs/vectornav_msgs/action/detail
[18.489s] -- Installing: /home/axel/dynabot-ros/src/vectornav/install/vectornav_msgs/include/vectornav_msgs/vectornav_msgs/action/detail/mag_cal__rosidl_typesupport_fastrtps_c.h
[18.489s] -- Installing: /home/axel/dynabot-ros/src/vectornav/install/vectornav_msgs/lib/libvectornav_msgs__rosidl_typesupport_fastrtps_c.so
[18.490s] -- Set runtime path of "/home/axel/dynabot-ros/src/vectornav/install/vectornav_msgs/lib/libvectornav_msgs__rosidl_typesupport_fastrtps_c.so" to ""
[18.490s] -- Up-to-date: /home/axel/dynabot-ros/src/vectornav/install/vectornav_msgs/include/vectornav_msgs/vectornav_msgs
[18.490s] -- Up-to-date: /home/axel/dynabot-ros/src/vectornav/install/vectornav_msgs/include/vectornav_msgs/vectornav_msgs/msg
[18.490s] -- Installing: /home/axel/dynabot-ros/src/vectornav/install/vectornav_msgs/include/vectornav_msgs/vectornav_msgs/msg/time_utc.hpp
[18.490s] -- Installing: /home/axel/dynabot-ros/src/vectornav/install/vectornav_msgs/include/vectornav_msgs/vectornav_msgs/msg/gps_group.hpp
[18.490s] -- Installing: /home/axel/dynabot-ros/src/vectornav/install/vectornav_msgs/include/vectornav_msgs/vectornav_msgs/msg/attitude_group.hpp
[18.491s] -- Installing: /home/axel/dynabot-ros/src/vectornav/install/vectornav_msgs/include/vectornav_msgs/vectornav_msgs/msg/ins_group.hpp
[18.491s] -- Installing: /home/axel/dynabot-ros/src/vectornav/install/vectornav_msgs/include/vectornav_msgs/vectornav_msgs/msg/vpe_status.hpp
[18.491s] -- Installing: /home/axel/dynabot-ros/src/vectornav/install/vectornav_msgs/include/vectornav_msgs/vectornav_msgs/msg/ins_status.hpp
[18.491s] -- Installing: /home/axel/dynabot-ros/src/vectornav/install/vectornav_msgs/include/vectornav_msgs/vectornav_msgs/msg/imu_group.hpp
[18.491s] -- Installing: /home/axel/dynabot-ros/src/vectornav/install/vectornav_msgs/include/vectornav_msgs/vectornav_msgs/msg/common_group.hpp
[18.491s] -- Installing: /home/axel/dynabot-ros/src/vectornav/install/vectornav_msgs/include/vectornav_msgs/vectornav_msgs/msg/rosidl_generator_cpp__visibility_control.hpp
[18.491s] -- Installing: /home/axel/dynabot-ros/src/vectornav/install/vectornav_msgs/include/vectornav_msgs/vectornav_msgs/msg/dop.hpp
[18.492s] -- Up-to-date: /home/axel/dynabot-ros/src/vectornav/install/vectornav_msgs/include/vectornav_msgs/vectornav_msgs/msg/detail
[18.492s] -- Installing: /home/axel/dynabot-ros/src/vectornav/install/vectornav_msgs/include/vectornav_msgs/vectornav_msgs/msg/detail/time_group__struct.hpp
[18.492s] -- Installing: /home/axel/dynabot-ros/src/vectornav/install/vectornav_msgs/include/vectornav_msgs/vectornav_msgs/msg/detail/time_status__builder.hpp
[18.492s] -- Installing: /home/axel/dynabot-ros/src/vectornav/install/vectornav_msgs/include/vectornav_msgs/vectornav_msgs/msg/detail/gps_group__builder.hpp
[18.492s] -- Installing: /home/axel/dynabot-ros/src/vectornav/install/vectornav_msgs/include/vectornav_msgs/vectornav_msgs/msg/detail/dop__struct.hpp
[18.492s] -- Installing: /home/axel/dynabot-ros/src/vectornav/install/vectornav_msgs/include/vectornav_msgs/vectornav_msgs/msg/detail/dop__traits.hpp
[18.493s] -- Installing: /home/axel/dynabot-ros/src/vectornav/install/vectornav_msgs/include/vectornav_msgs/vectornav_msgs/msg/detail/vpe_status__traits.hpp
[18.493s] -- Installing: /home/axel/dynabot-ros/src/vectornav/install/vectornav_msgs/include/vectornav_msgs/vectornav_msgs/msg/detail/attitude_group__type_support.hpp
[18.493s] -- Installing: /home/axel/dynabot-ros/src/vectornav/install/vectornav_msgs/include/vectornav_msgs/vectornav_msgs/msg/detail/common_group__struct.hpp
[18.493s] -- Installing: /home/axel/dynabot-ros/src/vectornav/install/vectornav_msgs/include/vectornav_msgs/vectornav_msgs/msg/detail/ins_status__traits.hpp
[18.493s] -- Installing: /home/axel/dynabot-ros/src/vectornav/install/vectornav_msgs/include/vectornav_msgs/vectornav_msgs/msg/detail/ins_status__struct.hpp
[18.493s] -- Installing: /home/axel/dynabot-ros/src/vectornav/install/vectornav_msgs/include/vectornav_msgs/vectornav_msgs/msg/detail/gps_group__type_support.hpp
[18.493s] -- Installing: /home/axel/dynabot-ros/src/vectornav/install/vectornav_msgs/include/vectornav_msgs/vectornav_msgs/msg/detail/time_group__type_support.hpp
[18.494s] -- Installing: /home/axel/dynabot-ros/src/vectornav/install/vectornav_msgs/include/vectornav_msgs/vectornav_msgs/msg/detail/ins_group__builder.hpp
[18.494s] -- Installing: /home/axel/dynabot-ros/src/vectornav/install/vectornav_msgs/include/vectornav_msgs/vectornav_msgs/msg/detail/ins_status__type_support.hpp
[18.494s] -- Installing: /home/axel/dynabot-ros/src/vectornav/install/vectornav_msgs/include/vectornav_msgs/vectornav_msgs/msg/detail/imu_group__builder.hpp
[18.494s] -- Installing: /home/axel/dynabot-ros/src/vectornav/install/vectornav_msgs/include/vectornav_msgs/vectornav_msgs/msg/detail/imu_group__type_support.hpp
[18.494s] -- Installing: /home/axel/dynabot-ros/src/vectornav/install/vectornav_msgs/include/vectornav_msgs/vectornav_msgs/msg/detail/time_group__traits.hpp
[18.494s] -- Installing: /home/axel/dynabot-ros/src/vectornav/install/vectornav_msgs/include/vectornav_msgs/vectornav_msgs/msg/detail/common_group__builder.hpp
[18.494s] -- Installing: /home/axel/dynabot-ros/src/vectornav/install/vectornav_msgs/include/vectornav_msgs/vectornav_msgs/msg/detail/time_utc__traits.hpp
[18.495s] -- Installing: /home/axel/dynabot-ros/src/vectornav/install/vectornav_msgs/include/vectornav_msgs/vectornav_msgs/msg/detail/imu_group__struct.hpp
[18.495s] -- Installing: /home/axel/dynabot-ros/src/vectornav/install/vectornav_msgs/include/vectornav_msgs/vectornav_msgs/msg/detail/attitude_group__struct.hpp
[18.495s] -- Installing: /home/axel/dynabot-ros/src/vectornav/install/vectornav_msgs/include/vectornav_msgs/vectornav_msgs/msg/detail/common_group__type_support.hpp
[18.495s] -- Installing: /home/axel/dynabot-ros/src/vectornav/install/vectornav_msgs/include/vectornav_msgs/vectornav_msgs/msg/detail/ins_status__builder.hpp
[18.495s] -- Installing: /home/axel/dynabot-ros/src/vectornav/install/vectornav_msgs/include/vectornav_msgs/vectornav_msgs/msg/detail/time_utc__builder.hpp
[18.495s] -- Installing: /home/axel/dynabot-ros/src/vectornav/install/vectornav_msgs/include/vectornav_msgs/vectornav_msgs/msg/detail/time_group__builder.hpp
[18.495s] -- Installing: /home/axel/dynabot-ros/src/vectornav/install/vectornav_msgs/include/vectornav_msgs/vectornav_msgs/msg/detail/dop__builder.hpp
[18.496s] -- Installing: /home/axel/dynabot-ros/src/vectornav/install/vectornav_msgs/include/vectornav_msgs/vectornav_msgs/msg/detail/attitude_group__builder.hpp
[18.496s] -- Installing: /home/axel/dynabot-ros/src/vectornav/install/vectornav_msgs/include/vectornav_msgs/vectornav_msgs/msg/detail/time_status__struct.hpp
[18.496s] -- Installing: /home/axel/dynabot-ros/src/vectornav/install/vectornav_msgs/include/vectornav_msgs/vectornav_msgs/msg/detail/time_status__traits.hpp
[18.496s] -- Installing: /home/axel/dynabot-ros/src/vectornav/install/vectornav_msgs/include/vectornav_msgs/vectornav_msgs/msg/detail/time_status__type_support.hpp
[18.496s] -- Installing: /home/axel/dynabot-ros/src/vectornav/install/vectornav_msgs/include/vectornav_msgs/vectornav_msgs/msg/detail/dop__type_support.hpp
[18.496s] -- Installing: /home/axel/dynabot-ros/src/vectornav/install/vectornav_msgs/include/vectornav_msgs/vectornav_msgs/msg/detail/attitude_group__traits.hpp
[18.496s] -- Installing: /home/axel/dynabot-ros/src/vectornav/install/vectornav_msgs/include/vectornav_msgs/vectornav_msgs/msg/detail/gps_group__struct.hpp
[18.497s] -- Installing: /home/axel/dynabot-ros/src/vectornav/install/vectornav_msgs/include/vectornav_msgs/vectornav_msgs/msg/detail/gps_group__traits.hpp
[18.497s] -- Installing: /home/axel/dynabot-ros/src/vectornav/install/vectornav_msgs/include/vectornav_msgs/vectornav_msgs/msg/detail/vpe_status__builder.hpp
[18.497s] -- Installing: /home/axel/dynabot-ros/src/vectornav/install/vectornav_msgs/include/vectornav_msgs/vectornav_msgs/msg/detail/vpe_status__struct.hpp
[18.497s] -- Installing: /home/axel/dynabot-ros/src/vectornav/install/vectornav_msgs/include/vectornav_msgs/vectornav_msgs/msg/detail/ins_group__struct.hpp
[18.497s] -- Installing: /home/axel/dynabot-ros/src/vectornav/install/vectornav_msgs/include/vectornav_msgs/vectornav_msgs/msg/detail/imu_group__traits.hpp
[18.497s] -- Installing: /home/axel/dynabot-ros/src/vectornav/install/vectornav_msgs/include/vectornav_msgs/vectornav_msgs/msg/detail/time_utc__struct.hpp
[18.497s] -- Installing: /home/axel/dynabot-ros/src/vectornav/install/vectornav_msgs/include/vectornav_msgs/vectornav_msgs/msg/detail/ins_group__traits.hpp
[18.497s] -- Installing: /home/axel/dynabot-ros/src/vectornav/install/vectornav_msgs/include/vectornav_msgs/vectornav_msgs/msg/detail/common_group__traits.hpp
[18.498s] -- Installing: /home/axel/dynabot-ros/src/vectornav/install/vectornav_msgs/include/vectornav_msgs/vectornav_msgs/msg/detail/time_utc__type_support.hpp
[18.498s] -- Installing: /home/axel/dynabot-ros/src/vectornav/install/vectornav_msgs/include/vectornav_msgs/vectornav_msgs/msg/detail/ins_group__type_support.hpp
[18.498s] -- Installing: /home/axel/dynabot-ros/src/vectornav/install/vectornav_msgs/include/vectornav_msgs/vectornav_msgs/msg/detail/vpe_status__type_support.hpp
[18.498s] -- Installing: /home/axel/dynabot-ros/src/vectornav/install/vectornav_msgs/include/vectornav_msgs/vectornav_msgs/msg/time_group.hpp
[18.498s] -- Installing: /home/axel/dynabot-ros/src/vectornav/install/vectornav_msgs/include/vectornav_msgs/vectornav_msgs/msg/time_status.hpp
[18.498s] -- Up-to-date: /home/axel/dynabot-ros/src/vectornav/install/vectornav_msgs/include/vectornav_msgs/vectornav_msgs/action
[18.498s] -- Installing: /home/axel/dynabot-ros/src/vectornav/install/vectornav_msgs/include/vectornav_msgs/vectornav_msgs/action/mag_cal.hpp
[18.499s] -- Up-to-date: /home/axel/dynabot-ros/src/vectornav/install/vectornav_msgs/include/vectornav_msgs/vectornav_msgs/action/detail
[18.499s] -- Installing: /home/axel/dynabot-ros/src/vectornav/install/vectornav_msgs/include/vectornav_msgs/vectornav_msgs/action/detail/mag_cal__traits.hpp
[18.499s] -- Installing: /home/axel/dynabot-ros/src/vectornav/install/vectornav_msgs/include/vectornav_msgs/vectornav_msgs/action/detail/mag_cal__struct.hpp
[18.499s] -- Installing: /home/axel/dynabot-ros/src/vectornav/install/vectornav_msgs/include/vectornav_msgs/vectornav_msgs/action/detail/mag_cal__builder.hpp
[18.499s] -- Installing: /home/axel/dynabot-ros/src/vectornav/install/vectornav_msgs/include/vectornav_msgs/vectornav_msgs/action/detail/mag_cal__type_support.hpp
[18.499s] -- Up-to-date: /home/axel/dynabot-ros/src/vectornav/install/vectornav_msgs/include/vectornav_msgs/vectornav_msgs
[18.499s] -- Up-to-date: /home/axel/dynabot-ros/src/vectornav/install/vectornav_msgs/include/vectornav_msgs/vectornav_msgs/msg
[18.500s] -- Installing: /home/axel/dynabot-ros/src/vectornav/install/vectornav_msgs/include/vectornav_msgs/vectornav_msgs/msg/rosidl_typesupport_fastrtps_cpp__visibility_control.h
[18.500s] -- Up-to-date: /home/axel/dynabot-ros/src/vectornav/install/vectornav_msgs/include/vectornav_msgs/vectornav_msgs/msg/detail
[18.500s] -- Installing: /home/axel/dynabot-ros/src/vectornav/install/vectornav_msgs/include/vectornav_msgs/vectornav_msgs/msg/detail/gps_group__rosidl_typesupport_fastrtps_cpp.hpp
[18.500s] -- Installing: /home/axel/dynabot-ros/src/vectornav/install/vectornav_msgs/include/vectornav_msgs/vectornav_msgs/msg/detail/attitude_group__rosidl_typesupport_fastrtps_cpp.hpp
[18.500s] -- Installing: /home/axel/dynabot-ros/src/vectornav/install/vectornav_msgs/include/vectornav_msgs/vectornav_msgs/msg/detail/ins_group__rosidl_typesupport_fastrtps_cpp.hpp
[18.500s] -- Installing: /home/axel/dynabot-ros/src/vectornav/install/vectornav_msgs/include/vectornav_msgs/vectornav_msgs/msg/detail/imu_group__rosidl_typesupport_fastrtps_cpp.hpp
[18.500s] -- Installing: /home/axel/dynabot-ros/src/vectornav/install/vectornav_msgs/include/vectornav_msgs/vectornav_msgs/msg/detail/vpe_status__rosidl_typesupport_fastrtps_cpp.hpp
[18.501s] -- Installing: /home/axel/dynabot-ros/src/vectornav/install/vectornav_msgs/include/vectornav_msgs/vectornav_msgs/msg/detail/common_group__rosidl_typesupport_fastrtps_cpp.hpp
[18.501s] -- Installing: /home/axel/dynabot-ros/src/vectornav/install/vectornav_msgs/include/vectornav_msgs/vectornav_msgs/msg/detail/ins_status__rosidl_typesupport_fastrtps_cpp.hpp
[18.501s] -- Installing: /home/axel/dynabot-ros/src/vectornav/install/vectornav_msgs/include/vectornav_msgs/vectornav_msgs/msg/detail/time_utc__rosidl_typesupport_fastrtps_cpp.hpp
[18.501s] -- Installing: /home/axel/dynabot-ros/src/vectornav/install/vectornav_msgs/include/vectornav_msgs/vectornav_msgs/msg/detail/dds_fastrtps
[18.501s] -- Installing: /home/axel/dynabot-ros/src/vectornav/install/vectornav_msgs/include/vectornav_msgs/vectornav_msgs/msg/detail/dop__rosidl_typesupport_fastrtps_cpp.hpp
[18.501s] -- Installing: /home/axel/dynabot-ros/src/vectornav/install/vectornav_msgs/include/vectornav_msgs/vectornav_msgs/msg/detail/time_status__rosidl_typesupport_fastrtps_cpp.hpp
[18.501s] -- Installing: /home/axel/dynabot-ros/src/vectornav/install/vectornav_msgs/include/vectornav_msgs/vectornav_msgs/msg/detail/time_group__rosidl_typesupport_fastrtps_cpp.hpp
[18.501s] -- Up-to-date: /home/axel/dynabot-ros/src/vectornav/install/vectornav_msgs/include/vectornav_msgs/vectornav_msgs/action
[18.502s] -- Up-to-date: /home/axel/dynabot-ros/src/vectornav/install/vectornav_msgs/include/vectornav_msgs/vectornav_msgs/action/detail
[18.502s] -- Installing: /home/axel/dynabot-ros/src/vectornav/install/vectornav_msgs/include/vectornav_msgs/vectornav_msgs/action/detail/mag_cal__rosidl_typesupport_fastrtps_cpp.hpp
[18.502s] -- Installing: /home/axel/dynabot-ros/src/vectornav/install/vectornav_msgs/include/vectornav_msgs/vectornav_msgs/action/detail/dds_fastrtps
[18.502s] -- Installing: /home/axel/dynabot-ros/src/vectornav/install/vectornav_msgs/lib/libvectornav_msgs__rosidl_typesupport_fastrtps_cpp.so
[18.502s] -- Set runtime path of "/home/axel/dynabot-ros/src/vectornav/install/vectornav_msgs/lib/libvectornav_msgs__rosidl_typesupport_fastrtps_cpp.so" to ""
[18.502s] -- Up-to-date: /home/axel/dynabot-ros/src/vectornav/install/vectornav_msgs/include/vectornav_msgs/vectornav_msgs
[18.502s] -- Up-to-date: /home/axel/dynabot-ros/src/vectornav/install/vectornav_msgs/include/vectornav_msgs/vectornav_msgs/msg
[18.503s] -- Installing: /home/axel/dynabot-ros/src/vectornav/install/vectornav_msgs/include/vectornav_msgs/vectornav_msgs/msg/rosidl_typesupport_introspection_c__visibility_control.h
[18.503s] -- Up-to-date: /home/axel/dynabot-ros/src/vectornav/install/vectornav_msgs/include/vectornav_msgs/vectornav_msgs/msg/detail
[18.503s] -- Installing: /home/axel/dynabot-ros/src/vectornav/install/vectornav_msgs/include/vectornav_msgs/vectornav_msgs/msg/detail/gps_group__type_support.c
[18.503s] -- Installing: /home/axel/dynabot-ros/src/vectornav/install/vectornav_msgs/include/vectornav_msgs/vectornav_msgs/msg/detail/time_group__type_support.c
[18.503s] -- Installing: /home/axel/dynabot-ros/src/vectornav/install/vectornav_msgs/include/vectornav_msgs/vectornav_msgs/msg/detail/dop__rosidl_typesupport_introspection_c.h
[18.503s] -- Installing: /home/axel/dynabot-ros/src/vectornav/install/vectornav_msgs/include/vectornav_msgs/vectornav_msgs/msg/detail/attitude_group__type_support.c
[18.503s] -- Installing: /home/axel/dynabot-ros/src/vectornav/install/vectornav_msgs/include/vectornav_msgs/vectornav_msgs/msg/detail/time_status__type_support.c
[18.503s] -- Installing: /home/axel/dynabot-ros/src/vectornav/install/vectornav_msgs/include/vectornav_msgs/vectornav_msgs/msg/detail/time_group__rosidl_typesupport_introspection_c.h
[18.504s] -- Installing: /home/axel/dynabot-ros/src/vectornav/install/vectornav_msgs/include/vectornav_msgs/vectornav_msgs/msg/detail/ins_status__type_support.c
[18.504s] -- Installing: /home/axel/dynabot-ros/src/vectornav/install/vectornav_msgs/include/vectornav_msgs/vectornav_msgs/msg/detail/ins_group__type_support.c
[18.504s] -- Installing: /home/axel/dynabot-ros/src/vectornav/install/vectornav_msgs/include/vectornav_msgs/vectornav_msgs/msg/detail/common_group__rosidl_typesupport_introspection_c.h
[18.504s] -- Installing: /home/axel/dynabot-ros/src/vectornav/install/vectornav_msgs/include/vectornav_msgs/vectornav_msgs/msg/detail/vpe_status__type_support.c
[18.504s] -- Installing: /home/axel/dynabot-ros/src/vectornav/install/vectornav_msgs/include/vectornav_msgs/vectornav_msgs/msg/detail/gps_group__rosidl_typesupport_introspection_c.h
[18.504s] -- Installing: /home/axel/dynabot-ros/src/vectornav/install/vectornav_msgs/include/vectornav_msgs/vectornav_msgs/msg/detail/imu_group__type_support.c
[18.504s] -- Installing: /home/axel/dynabot-ros/src/vectornav/install/vectornav_msgs/include/vectornav_msgs/vectornav_msgs/msg/detail/time_utc__type_support.c
[18.505s] -- Installing: /home/axel/dynabot-ros/src/vectornav/install/vectornav_msgs/include/vectornav_msgs/vectornav_msgs/msg/detail/dop__type_support.c
[18.505s] -- Installing: /home/axel/dynabot-ros/src/vectornav/install/vectornav_msgs/include/vectornav_msgs/vectornav_msgs/msg/detail/imu_group__rosidl_typesupport_introspection_c.h
[18.505s] -- Installing: /home/axel/dynabot-ros/src/vectornav/install/vectornav_msgs/include/vectornav_msgs/vectornav_msgs/msg/detail/time_status__rosidl_typesupport_introspection_c.h
[18.505s] -- Installing: /home/axel/dynabot-ros/src/vectornav/install/vectornav_msgs/include/vectornav_msgs/vectornav_msgs/msg/detail/vpe_status__rosidl_typesupport_introspection_c.h
[18.505s] -- Installing: /home/axel/dynabot-ros/src/vectornav/install/vectornav_msgs/include/vectornav_msgs/vectornav_msgs/msg/detail/attitude_group__rosidl_typesupport_introspection_c.h
[18.505s] -- Installing: /home/axel/dynabot-ros/src/vectornav/install/vectornav_msgs/include/vectornav_msgs/vectornav_msgs/msg/detail/time_utc__rosidl_typesupport_introspection_c.h
[18.505s] -- Installing: /home/axel/dynabot-ros/src/vectornav/install/vectornav_msgs/include/vectornav_msgs/vectornav_msgs/msg/detail/ins_group__rosidl_typesupport_introspection_c.h
[18.505s] -- Installing: /home/axel/dynabot-ros/src/vectornav/install/vectornav_msgs/include/vectornav_msgs/vectornav_msgs/msg/detail/ins_status__rosidl_typesupport_introspection_c.h
[18.506s] -- Installing: /home/axel/dynabot-ros/src/vectornav/install/vectornav_msgs/include/vectornav_msgs/vectornav_msgs/msg/detail/common_group__type_support.c
[18.506s] -- Up-to-date: /home/axel/dynabot-ros/src/vectornav/install/vectornav_msgs/include/vectornav_msgs/vectornav_msgs/action
[18.506s] -- Up-to-date: /home/axel/dynabot-ros/src/vectornav/install/vectornav_msgs/include/vectornav_msgs/vectornav_msgs/action/detail
[18.506s] -- Installing: /home/axel/dynabot-ros/src/vectornav/install/vectornav_msgs/include/vectornav_msgs/vectornav_msgs/action/detail/mag_cal__rosidl_typesupport_introspection_c.h
[18.506s] -- Installing: /home/axel/dynabot-ros/src/vectornav/install/vectornav_msgs/include/vectornav_msgs/vectornav_msgs/action/detail/mag_cal__type_support.c
[18.506s] -- Installing: /home/axel/dynabot-ros/src/vectornav/install/vectornav_msgs/lib/libvectornav_msgs__rosidl_typesupport_introspection_c.so
[18.506s] -- Set runtime path of "/home/axel/dynabot-ros/src/vectornav/install/vectornav_msgs/lib/libvectornav_msgs__rosidl_typesupport_introspection_c.so" to ""
[18.507s] -- Installing: /home/axel/dynabot-ros/src/vectornav/install/vectornav_msgs/lib/libvectornav_msgs__rosidl_typesupport_c.so
[18.507s] -- Set runtime path of "/home/axel/dynabot-ros/src/vectornav/install/vectornav_msgs/lib/libvectornav_msgs__rosidl_typesupport_c.so" to ""
[18.507s] -- Up-to-date: /home/axel/dynabot-ros/src/vectornav/install/vectornav_msgs/include/vectornav_msgs/vectornav_msgs
[18.507s] -- Up-to-date: /home/axel/dynabot-ros/src/vectornav/install/vectornav_msgs/include/vectornav_msgs/vectornav_msgs/msg
[18.507s] -- Up-to-date: /home/axel/dynabot-ros/src/vectornav/install/vectornav_msgs/include/vectornav_msgs/vectornav_msgs/msg/detail
[18.507s] -- Installing: /home/axel/dynabot-ros/src/vectornav/install/vectornav_msgs/include/vectornav_msgs/vectornav_msgs/msg/detail/common_group__type_support.cpp
[18.507s] -- Installing: /home/axel/dynabot-ros/src/vectornav/install/vectornav_msgs/include/vectornav_msgs/vectornav_msgs/msg/detail/time_group__type_support.cpp
[18.507s] -- Installing: /home/axel/dynabot-ros/src/vectornav/install/vectornav_msgs/include/vectornav_msgs/vectornav_msgs/msg/detail/attitude_group__rosidl_typesupport_introspection_cpp.hpp
[18.507s] -- Installing: /home/axel/dynabot-ros/src/vectornav/install/vectornav_msgs/include/vectornav_msgs/vectornav_msgs/msg/detail/gps_group__type_support.cpp
[18.508s] -- Installing: /home/axel/dynabot-ros/src/vectornav/install/vectornav_msgs/include/vectornav_msgs/vectornav_msgs/msg/detail/ins_status__type_support.cpp
[18.508s] -- Installing: /home/axel/dynabot-ros/src/vectornav/install/vectornav_msgs/include/vectornav_msgs/vectornav_msgs/msg/detail/time_group__rosidl_typesupport_introspection_cpp.hpp
[18.508s] -- Installing: /home/axel/dynabot-ros/src/vectornav/install/vectornav_msgs/include/vectornav_msgs/vectornav_msgs/msg/detail/time_utc__type_support.cpp
[18.508s] -- Installing: /home/axel/dynabot-ros/src/vectornav/install/vectornav_msgs/include/vectornav_msgs/vectornav_msgs/msg/detail/ins_group__rosidl_typesupport_introspection_cpp.hpp
[18.508s] -- Installing: /home/axel/dynabot-ros/src/vectornav/install/vectornav_msgs/include/vectornav_msgs/vectornav_msgs/msg/detail/time_status__rosidl_typesupport_introspection_cpp.hpp
[18.509s] -- Installing: /home/axel/dynabot-ros/src/vectornav/install/vectornav_msgs/include/vectornav_msgs/vectornav_msgs/msg/detail/ins_group__type_support.cpp
[18.509s] -- Installing: /home/axel/dynabot-ros/src/vectornav/install/vectornav_msgs/include/vectornav_msgs/vectornav_msgs/msg/detail/gps_group__rosidl_typesupport_introspection_cpp.hpp
[18.509s] -- Installing: /home/axel/dynabot-ros/src/vectornav/install/vectornav_msgs/include/vectornav_msgs/vectornav_msgs/msg/detail/attitude_group__type_support.cpp
[18.509s] -- Installing: /home/axel/dynabot-ros/src/vectornav/install/vectornav_msgs/include/vectornav_msgs/vectornav_msgs/msg/detail/dop__rosidl_typesupport_introspection_cpp.hpp
[18.509s] -- Installing: /home/axel/dynabot-ros/src/vectornav/install/vectornav_msgs/include/vectornav_msgs/vectornav_msgs/msg/detail/time_utc__rosidl_typesupport_introspection_cpp.hpp
[18.509s] -- Installing: /home/axel/dynabot-ros/src/vectornav/install/vectornav_msgs/include/vectornav_msgs/vectornav_msgs/msg/detail/imu_group__rosidl_typesupport_introspection_cpp.hpp
[18.510s] -- Installing: /home/axel/dynabot-ros/src/vectornav/install/vectornav_msgs/include/vectornav_msgs/vectornav_msgs/msg/detail/imu_group__type_support.cpp
[18.510s] -- Installing: /home/axel/dynabot-ros/src/vectornav/install/vectornav_msgs/include/vectornav_msgs/vectornav_msgs/msg/detail/common_group__rosidl_typesupport_introspection_cpp.hpp
[18.510s] -- Installing: /home/axel/dynabot-ros/src/vectornav/install/vectornav_msgs/include/vectornav_msgs/vectornav_msgs/msg/detail/dop__type_support.cpp
[18.510s] -- Installing: /home/axel/dynabot-ros/src/vectornav/install/vectornav_msgs/include/vectornav_msgs/vectornav_msgs/msg/detail/time_status__type_support.cpp
[18.510s] -- Installing: /home/axel/dynabot-ros/src/vectornav/install/vectornav_msgs/include/vectornav_msgs/vectornav_msgs/msg/detail/vpe_status__rosidl_typesupport_introspection_cpp.hpp
[18.510s] -- Installing: /home/axel/dynabot-ros/src/vectornav/install/vectornav_msgs/include/vectornav_msgs/vectornav_msgs/msg/detail/vpe_status__type_support.cpp
[18.511s] -- Installing: /home/axel/dynabot-ros/src/vectornav/install/vectornav_msgs/include/vectornav_msgs/vectornav_msgs/msg/detail/ins_status__rosidl_typesupport_introspection_cpp.hpp
[18.511s] -- Up-to-date: /home/axel/dynabot-ros/src/vectornav/install/vectornav_msgs/include/vectornav_msgs/vectornav_msgs/action
[18.511s] -- Up-to-date: /home/axel/dynabot-ros/src/vectornav/install/vectornav_msgs/include/vectornav_msgs/vectornav_msgs/action/detail
[18.511s] -- Installing: /home/axel/dynabot-ros/src/vectornav/install/vectornav_msgs/include/vectornav_msgs/vectornav_msgs/action/detail/mag_cal__rosidl_typesupport_introspection_cpp.hpp
[18.511s] -- Installing: /home/axel/dynabot-ros/src/vectornav/install/vectornav_msgs/include/vectornav_msgs/vectornav_msgs/action/detail/mag_cal__type_support.cpp
[18.511s] -- Installing: /home/axel/dynabot-ros/src/vectornav/install/vectornav_msgs/lib/libvectornav_msgs__rosidl_typesupport_introspection_cpp.so
[18.512s] -- Set runtime path of "/home/axel/dynabot-ros/src/vectornav/install/vectornav_msgs/lib/libvectornav_msgs__rosidl_typesupport_introspection_cpp.so" to ""
[18.512s] -- Installing: /home/axel/dynabot-ros/src/vectornav/install/vectornav_msgs/lib/libvectornav_msgs__rosidl_typesupport_cpp.so
[18.512s] -- Set runtime path of "/home/axel/dynabot-ros/src/vectornav/install/vectornav_msgs/lib/libvectornav_msgs__rosidl_typesupport_cpp.so" to ""
[18.513s] -- Installing: /home/axel/dynabot-ros/src/vectornav/install/vectornav_msgs/share/vectornav_msgs/environment/pythonpath.sh
[18.513s] -- Installing: /home/axel/dynabot-ros/src/vectornav/install/vectornav_msgs/share/vectornav_msgs/environment/pythonpath.dsv
[18.513s] -- Installing: /home/axel/dynabot-ros/src/vectornav/install/vectornav_msgs/local/lib/python3.10/dist-packages/vectornav_msgs-3.0.0-py3.10.egg-info
[18.513s] -- Installing: /home/axel/dynabot-ros/src/vectornav/install/vectornav_msgs/local/lib/python3.10/dist-packages/vectornav_msgs-3.0.0-py3.10.egg-info/dependency_links.txt
[18.513s] -- Installing: /home/axel/dynabot-ros/src/vectornav/install/vectornav_msgs/local/lib/python3.10/dist-packages/vectornav_msgs-3.0.0-py3.10.egg-info/PKG-INFO
[18.513s] -- Installing: /home/axel/dynabot-ros/src/vectornav/install/vectornav_msgs/local/lib/python3.10/dist-packages/vectornav_msgs-3.0.0-py3.10.egg-info/SOURCES.txt
[18.514s] -- Installing: /home/axel/dynabot-ros/src/vectornav/install/vectornav_msgs/local/lib/python3.10/dist-packages/vectornav_msgs-3.0.0-py3.10.egg-info/top_level.txt
[18.514s] -- Installing: /home/axel/dynabot-ros/src/vectornav/install/vectornav_msgs/local/lib/python3.10/dist-packages/vectornav_msgs
[18.514s] -- Installing: /home/axel/dynabot-ros/src/vectornav/install/vectornav_msgs/local/lib/python3.10/dist-packages/vectornav_msgs/libvectornav_msgs__rosidl_generator_py.so
[18.514s] -- Installing: /home/axel/dynabot-ros/src/vectornav/install/vectornav_msgs/local/lib/python3.10/dist-packages/vectornav_msgs/msg
[18.514s] -- Installing: /home/axel/dynabot-ros/src/vectornav/install/vectornav_msgs/local/lib/python3.10/dist-packages/vectornav_msgs/msg/_ins_group.py
[18.514s] -- Installing: /home/axel/dynabot-ros/src/vectornav/install/vectornav_msgs/local/lib/python3.10/dist-packages/vectornav_msgs/msg/_time_status_s.c
[18.514s] -- Installing: /home/axel/dynabot-ros/src/vectornav/install/vectornav_msgs/local/lib/python3.10/dist-packages/vectornav_msgs/msg/_ins_status_s.c
[18.514s] -- Installing: /home/axel/dynabot-ros/src/vectornav/install/vectornav_msgs/local/lib/python3.10/dist-packages/vectornav_msgs/msg/_time_status.py
[18.515s] -- Installing: /home/axel/dynabot-ros/src/vectornav/install/vectornav_msgs/local/lib/python3.10/dist-packages/vectornav_msgs/msg/_imu_group.py
[18.515s] -- Installing: /home/axel/dynabot-ros/src/vectornav/install/vectornav_msgs/local/lib/python3.10/dist-packages/vectornav_msgs/msg/_dop_s.c
[18.515s] -- Installing: /home/axel/dynabot-ros/src/vectornav/install/vectornav_msgs/local/lib/python3.10/dist-packages/vectornav_msgs/msg/_common_group_s.c
[18.515s] -- Installing: /home/axel/dynabot-ros/src/vectornav/install/vectornav_msgs/local/lib/python3.10/dist-packages/vectornav_msgs/msg/_gps_group_s.c
[18.515s] -- Installing: /home/axel/dynabot-ros/src/vectornav/install/vectornav_msgs/local/lib/python3.10/dist-packages/vectornav_msgs/msg/_vpe_status_s.c
[18.515s] -- Installing: /home/axel/dynabot-ros/src/vectornav/install/vectornav_msgs/local/lib/python3.10/dist-packages/vectornav_msgs/msg/_time_group_s.c
[18.515s] -- Installing: /home/axel/dynabot-ros/src/vectornav/install/vectornav_msgs/local/lib/python3.10/dist-packages/vectornav_msgs/msg/__init__.py
[18.515s] -- Installing: /home/axel/dynabot-ros/src/vectornav/install/vectornav_msgs/local/lib/python3.10/dist-packages/vectornav_msgs/msg/_time_utc_s.c
[18.516s] -- Installing: /home/axel/dynabot-ros/src/vectornav/install/vectornav_msgs/local/lib/python3.10/dist-packages/vectornav_msgs/msg/_dop.py
[18.516s] -- Installing: /home/axel/dynabot-ros/src/vectornav/install/vectornav_msgs/local/lib/python3.10/dist-packages/vectornav_msgs/msg/_attitude_group.py
[18.516s] -- Installing: /home/axel/dynabot-ros/src/vectornav/install/vectornav_msgs/local/lib/python3.10/dist-packages/vectornav_msgs/msg/_ins_group_s.c
[18.516s] -- Installing: /home/axel/dynabot-ros/src/vectornav/install/vectornav_msgs/local/lib/python3.10/dist-packages/vectornav_msgs/msg/_ins_status.py
[18.516s] -- Installing: /home/axel/dynabot-ros/src/vectornav/install/vectornav_msgs/local/lib/python3.10/dist-packages/vectornav_msgs/msg/_common_group.py
[18.516s] -- Installing: /home/axel/dynabot-ros/src/vectornav/install/vectornav_msgs/local/lib/python3.10/dist-packages/vectornav_msgs/msg/_time_group.py
[18.516s] -- Installing: /home/axel/dynabot-ros/src/vectornav/install/vectornav_msgs/local/lib/python3.10/dist-packages/vectornav_msgs/msg/_time_utc.py
[18.517s] -- Installing: /home/axel/dynabot-ros/src/vectornav/install/vectornav_msgs/local/lib/python3.10/dist-packages/vectornav_msgs/msg/_imu_group_s.c
[18.517s] -- Installing: /home/axel/dynabot-ros/src/vectornav/install/vectornav_msgs/local/lib/python3.10/dist-packages/vectornav_msgs/msg/_vpe_status.py
[18.517s] -- Installing: /home/axel/dynabot-ros/src/vectornav/install/vectornav_msgs/local/lib/python3.10/dist-packages/vectornav_msgs/msg/_attitude_group_s.c
[18.517s] -- Installing: /home/axel/dynabot-ros/src/vectornav/install/vectornav_msgs/local/lib/python3.10/dist-packages/vectornav_msgs/msg/_gps_group.py
[18.517s] -- Installing: /home/axel/dynabot-ros/src/vectornav/install/vectornav_msgs/local/lib/python3.10/dist-packages/vectornav_msgs/_vectornav_msgs_s.ep.rosidl_typesupport_fastrtps_c.c
[18.517s] -- Installing: /home/axel/dynabot-ros/src/vectornav/install/vectornav_msgs/local/lib/python3.10/dist-packages/vectornav_msgs/_vectornav_msgs_s.ep.rosidl_typesupport_c.c
[18.518s] -- Installing: /home/axel/dynabot-ros/src/vectornav/install/vectornav_msgs/local/lib/python3.10/dist-packages/vectornav_msgs/__init__.py
[18.518s] -- Installing: /home/axel/dynabot-ros/src/vectornav/install/vectornav_msgs/local/lib/python3.10/dist-packages/vectornav_msgs/action
[18.518s] -- Installing: /home/axel/dynabot-ros/src/vectornav/install/vectornav_msgs/local/lib/python3.10/dist-packages/vectornav_msgs/action/_mag_cal.py
[18.518s] -- Installing: /home/axel/dynabot-ros/src/vectornav/install/vectornav_msgs/local/lib/python3.10/dist-packages/vectornav_msgs/action/__init__.py
[18.518s] -- Installing: /home/axel/dynabot-ros/src/vectornav/install/vectornav_msgs/local/lib/python3.10/dist-packages/vectornav_msgs/action/_mag_cal_s.c
[18.518s] -- Installing: /home/axel/dynabot-ros/src/vectornav/install/vectornav_msgs/local/lib/python3.10/dist-packages/vectornav_msgs/_vectornav_msgs_s.ep.rosidl_typesupport_introspection_c.c
[18.518s] -- Installing: /home/axel/dynabot-ros/src/vectornav/install/vectornav_msgs/local/lib/python3.10/dist-packages/vectornav_msgs/vectornav_msgs_s__rosidl_typesupport_c.cpython-310-x86_64-linux-gnu.so
[18.519s] -- Installing: /home/axel/dynabot-ros/src/vectornav/install/vectornav_msgs/local/lib/python3.10/dist-packages/vectornav_msgs/vectornav_msgs_s__rosidl_typesupport_introspection_c.cpython-310-x86_64-linux-gnu.so
[18.519s] -- Installing: /home/axel/dynabot-ros/src/vectornav/install/vectornav_msgs/local/lib/python3.10/dist-packages/vectornav_msgs/vectornav_msgs_s__rosidl_typesupport_fastrtps_c.cpython-310-x86_64-linux-gnu.so
[18.589s] Listing '/home/axel/dynabot-ros/src/vectornav/install/vectornav_msgs/local/lib/python3.10/dist-packages/vectornav_msgs'...
[18.589s] Compiling '/home/axel/dynabot-ros/src/vectornav/install/vectornav_msgs/local/lib/python3.10/dist-packages/vectornav_msgs/__init__.py'...
[18.589s] Listing '/home/axel/dynabot-ros/src/vectornav/install/vectornav_msgs/local/lib/python3.10/dist-packages/vectornav_msgs/action'...
[18.589s] Compiling '/home/axel/dynabot-ros/src/vectornav/install/vectornav_msgs/local/lib/python3.10/dist-packages/vectornav_msgs/action/__init__.py'...
[18.589s] Compiling '/home/axel/dynabot-ros/src/vectornav/install/vectornav_msgs/local/lib/python3.10/dist-packages/vectornav_msgs/action/_mag_cal.py'...
[18.589s] Listing '/home/axel/dynabot-ros/src/vectornav/install/vectornav_msgs/local/lib/python3.10/dist-packages/vectornav_msgs/msg'...
[18.589s] Compiling '/home/axel/dynabot-ros/src/vectornav/install/vectornav_msgs/local/lib/python3.10/dist-packages/vectornav_msgs/msg/__init__.py'...
[18.589s] Compiling '/home/axel/dynabot-ros/src/vectornav/install/vectornav_msgs/local/lib/python3.10/dist-packages/vectornav_msgs/msg/_attitude_group.py'...
[18.589s] Compiling '/home/axel/dynabot-ros/src/vectornav/install/vectornav_msgs/local/lib/python3.10/dist-packages/vectornav_msgs/msg/_common_group.py'...
[18.589s] Compiling '/home/axel/dynabot-ros/src/vectornav/install/vectornav_msgs/local/lib/python3.10/dist-packages/vectornav_msgs/msg/_dop.py'...
[18.589s] Compiling '/home/axel/dynabot-ros/src/vectornav/install/vectornav_msgs/local/lib/python3.10/dist-packages/vectornav_msgs/msg/_gps_group.py'...
[18.589s] Compiling '/home/axel/dynabot-ros/src/vectornav/install/vectornav_msgs/local/lib/python3.10/dist-packages/vectornav_msgs/msg/_imu_group.py'...
[18.590s] Compiling '/home/axel/dynabot-ros/src/vectornav/install/vectornav_msgs/local/lib/python3.10/dist-packages/vectornav_msgs/msg/_ins_group.py'...
[18.590s] Compiling '/home/axel/dynabot-ros/src/vectornav/install/vectornav_msgs/local/lib/python3.10/dist-packages/vectornav_msgs/msg/_ins_status.py'...
[18.590s] Compiling '/home/axel/dynabot-ros/src/vectornav/install/vectornav_msgs/local/lib/python3.10/dist-packages/vectornav_msgs/msg/_time_group.py'...
[18.590s] Compiling '/home/axel/dynabot-ros/src/vectornav/install/vectornav_msgs/local/lib/python3.10/dist-packages/vectornav_msgs/msg/_time_status.py'...
[18.590s] Compiling '/home/axel/dynabot-ros/src/vectornav/install/vectornav_msgs/local/lib/python3.10/dist-packages/vectornav_msgs/msg/_time_utc.py'...
[18.590s] Compiling '/home/axel/dynabot-ros/src/vectornav/install/vectornav_msgs/local/lib/python3.10/dist-packages/vectornav_msgs/msg/_vpe_status.py'...
[18.595s] -- Installing: /home/axel/dynabot-ros/src/vectornav/install/vectornav_msgs/local/lib/python3.10/dist-packages/vectornav_msgs/vectornav_msgs_s__rosidl_typesupport_fastrtps_c.cpython-310-x86_64-linux-gnu.so
[18.595s] -- Set runtime path of "/home/axel/dynabot-ros/src/vectornav/install/vectornav_msgs/local/lib/python3.10/dist-packages/vectornav_msgs/vectornav_msgs_s__rosidl_typesupport_fastrtps_c.cpython-310-x86_64-linux-gnu.so" to ""
[18.595s] -- Installing: /home/axel/dynabot-ros/src/vectornav/install/vectornav_msgs/local/lib/python3.10/dist-packages/vectornav_msgs/vectornav_msgs_s__rosidl_typesupport_introspection_c.cpython-310-x86_64-linux-gnu.so
[18.596s] -- Set runtime path of "/home/axel/dynabot-ros/src/vectornav/install/vectornav_msgs/local/lib/python3.10/dist-packages/vectornav_msgs/vectornav_msgs_s__rosidl_typesupport_introspection_c.cpython-310-x86_64-linux-gnu.so" to ""
[18.596s] -- Installing: /home/axel/dynabot-ros/src/vectornav/install/vectornav_msgs/local/lib/python3.10/dist-packages/vectornav_msgs/vectornav_msgs_s__rosidl_typesupport_c.cpython-310-x86_64-linux-gnu.so
[18.597s] -- Set runtime path of "/home/axel/dynabot-ros/src/vectornav/install/vectornav_msgs/local/lib/python3.10/dist-packages/vectornav_msgs/vectornav_msgs_s__rosidl_typesupport_c.cpython-310-x86_64-linux-gnu.so" to ""
[18.597s] -- Installing: /home/axel/dynabot-ros/src/vectornav/install/vectornav_msgs/lib/libvectornav_msgs__rosidl_generator_py.so
[18.598s] -- Set runtime path of "/home/axel/dynabot-ros/src/vectornav/install/vectornav_msgs/lib/libvectornav_msgs__rosidl_generator_py.so" to ""
[18.598s] -- Installing: /home/axel/dynabot-ros/src/vectornav/install/vectornav_msgs/share/vectornav_msgs/msg/AttitudeGroup.idl
[18.598s] -- Installing: /home/axel/dynabot-ros/src/vectornav/install/vectornav_msgs/share/vectornav_msgs/msg/CommonGroup.idl
[18.598s] -- Installing: /home/axel/dynabot-ros/src/vectornav/install/vectornav_msgs/share/vectornav_msgs/msg/DOP.idl
[18.598s] -- Installing: /home/axel/dynabot-ros/src/vectornav/install/vectornav_msgs/share/vectornav_msgs/msg/GpsGroup.idl
[18.598s] -- Installing: /home/axel/dynabot-ros/src/vectornav/install/vectornav_msgs/share/vectornav_msgs/msg/ImuGroup.idl
[18.599s] -- Installing: /home/axel/dynabot-ros/src/vectornav/install/vectornav_msgs/share/vectornav_msgs/msg/InsGroup.idl
[18.599s] -- Installing: /home/axel/dynabot-ros/src/vectornav/install/vectornav_msgs/share/vectornav_msgs/msg/InsStatus.idl
[18.599s] -- Installing: /home/axel/dynabot-ros/src/vectornav/install/vectornav_msgs/share/vectornav_msgs/msg/TimeGroup.idl
[18.599s] -- Installing: /home/axel/dynabot-ros/src/vectornav/install/vectornav_msgs/share/vectornav_msgs/msg/TimeStatus.idl
[18.599s] -- Installing: /home/axel/dynabot-ros/src/vectornav/install/vectornav_msgs/share/vectornav_msgs/msg/TimeUTC.idl
[18.600s] -- Installing: /home/axel/dynabot-ros/src/vectornav/install/vectornav_msgs/share/vectornav_msgs/msg/VpeStatus.idl
[18.600s] -- Installing: /home/axel/dynabot-ros/src/vectornav/install/vectornav_msgs/share/vectornav_msgs/action/MagCal.idl
[18.600s] -- Installing: /home/axel/dynabot-ros/src/vectornav/install/vectornav_msgs/share/vectornav_msgs/msg/AttitudeGroup.msg
[18.600s] -- Installing: /home/axel/dynabot-ros/src/vectornav/install/vectornav_msgs/share/vectornav_msgs/msg/CommonGroup.msg
[18.600s] -- Installing: /home/axel/dynabot-ros/src/vectornav/install/vectornav_msgs/share/vectornav_msgs/msg/DOP.msg
[18.600s] -- Installing: /home/axel/dynabot-ros/src/vectornav/install/vectornav_msgs/share/vectornav_msgs/msg/GpsGroup.msg
[18.601s] -- Installing: /home/axel/dynabot-ros/src/vectornav/install/vectornav_msgs/share/vectornav_msgs/msg/ImuGroup.msg
[18.601s] -- Installing: /home/axel/dynabot-ros/src/vectornav/install/vectornav_msgs/share/vectornav_msgs/msg/InsGroup.msg
[18.601s] -- Installing: /home/axel/dynabot-ros/src/vectornav/install/vectornav_msgs/share/vectornav_msgs/msg/InsStatus.msg
[18.601s] -- Installing: /home/axel/dynabot-ros/src/vectornav/install/vectornav_msgs/share/vectornav_msgs/msg/TimeGroup.msg
[18.601s] -- Installing: /home/axel/dynabot-ros/src/vectornav/install/vectornav_msgs/share/vectornav_msgs/msg/TimeStatus.msg
[18.602s] -- Installing: /home/axel/dynabot-ros/src/vectornav/install/vectornav_msgs/share/vectornav_msgs/msg/TimeUTC.msg
[18.602s] -- Installing: /home/axel/dynabot-ros/src/vectornav/install/vectornav_msgs/share/vectornav_msgs/msg/VpeStatus.msg
[18.602s] -- Installing: /home/axel/dynabot-ros/src/vectornav/install/vectornav_msgs/share/vectornav_msgs/action/MagCal.action
[18.602s] -- Installing: /home/axel/dynabot-ros/src/vectornav/install/vectornav_msgs/share/ament_index/resource_index/package_run_dependencies/vectornav_msgs
[18.602s] -- Installing: /home/axel/dynabot-ros/src/vectornav/install/vectornav_msgs/share/ament_index/resource_index/parent_prefix_path/vectornav_msgs
[18.603s] -- Installing: /home/axel/dynabot-ros/src/vectornav/install/vectornav_msgs/share/vectornav_msgs/environment/ament_prefix_path.sh
[18.603s] -- Installing: /home/axel/dynabot-ros/src/vectornav/install/vectornav_msgs/share/vectornav_msgs/environment/ament_prefix_path.dsv
[18.603s] -- Installing: /home/axel/dynabot-ros/src/vectornav/install/vectornav_msgs/share/vectornav_msgs/environment/path.sh
[18.603s] -- Installing: /home/axel/dynabot-ros/src/vectornav/install/vectornav_msgs/share/vectornav_msgs/environment/path.dsv
[18.603s] -- Installing: /home/axel/dynabot-ros/src/vectornav/install/vectornav_msgs/share/vectornav_msgs/local_setup.bash
[18.603s] -- Installing: /home/axel/dynabot-ros/src/vectornav/install/vectornav_msgs/share/vectornav_msgs/local_setup.sh
[18.604s] -- Installing: /home/axel/dynabot-ros/src/vectornav/install/vectornav_msgs/share/vectornav_msgs/local_setup.zsh
[18.604s] -- Installing: /home/axel/dynabot-ros/src/vectornav/install/vectornav_msgs/share/vectornav_msgs/local_setup.dsv
[18.604s] -- Installing: /home/axel/dynabot-ros/src/vectornav/install/vectornav_msgs/share/vectornav_msgs/package.dsv
[18.604s] -- Installing: /home/axel/dynabot-ros/src/vectornav/install/vectornav_msgs/share/ament_index/resource_index/packages/vectornav_msgs
[18.604s] -- Installing: /home/axel/dynabot-ros/src/vectornav/install/vectornav_msgs/share/vectornav_msgs/cmake/export_vectornav_msgs__rosidl_generator_cExport.cmake
[18.605s] -- Installing: /home/axel/dynabot-ros/src/vectornav/install/vectornav_msgs/share/vectornav_msgs/cmake/export_vectornav_msgs__rosidl_generator_cExport-noconfig.cmake
[18.605s] -- Installing: /home/axel/dynabot-ros/src/vectornav/install/vectornav_msgs/share/vectornav_msgs/cmake/export_vectornav_msgs__rosidl_typesupport_fastrtps_cExport.cmake
[18.605s] -- Installing: /home/axel/dynabot-ros/src/vectornav/install/vectornav_msgs/share/vectornav_msgs/cmake/export_vectornav_msgs__rosidl_typesupport_fastrtps_cExport-noconfig.cmake
[18.605s] -- Installing: /home/axel/dynabot-ros/src/vectornav/install/vectornav_msgs/share/vectornav_msgs/cmake/export_vectornav_msgs__rosidl_generator_cppExport.cmake
[18.605s] -- Installing: /home/axel/dynabot-ros/src/vectornav/install/vectornav_msgs/share/vectornav_msgs/cmake/export_vectornav_msgs__rosidl_typesupport_fastrtps_cppExport.cmake
[18.606s] -- Installing: /home/axel/dynabot-ros/src/vectornav/install/vectornav_msgs/share/vectornav_msgs/cmake/export_vectornav_msgs__rosidl_typesupport_fastrtps_cppExport-noconfig.cmake
[18.606s] -- Installing: /home/axel/dynabot-ros/src/vectornav/install/vectornav_msgs/share/vectornav_msgs/cmake/vectornav_msgs__rosidl_typesupport_introspection_cExport.cmake
[18.606s] -- Installing: /home/axel/dynabot-ros/src/vectornav/install/vectornav_msgs/share/vectornav_msgs/cmake/vectornav_msgs__rosidl_typesupport_introspection_cExport-noconfig.cmake
[18.606s] -- Installing: /home/axel/dynabot-ros/src/vectornav/install/vectornav_msgs/share/vectornav_msgs/cmake/vectornav_msgs__rosidl_typesupport_cExport.cmake
[18.606s] -- Installing: /home/axel/dynabot-ros/src/vectornav/install/vectornav_msgs/share/vectornav_msgs/cmake/vectornav_msgs__rosidl_typesupport_cExport-noconfig.cmake
[18.607s] -- Installing: /home/axel/dynabot-ros/src/vectornav/install/vectornav_msgs/share/vectornav_msgs/cmake/vectornav_msgs__rosidl_typesupport_introspection_cppExport.cmake
[18.607s] -- Installing: /home/axel/dynabot-ros/src/vectornav/install/vectornav_msgs/share/vectornav_msgs/cmake/vectornav_msgs__rosidl_typesupport_introspection_cppExport-noconfig.cmake
[18.607s] -- Installing: /home/axel/dynabot-ros/src/vectornav/install/vectornav_msgs/share/vectornav_msgs/cmake/vectornav_msgs__rosidl_typesupport_cppExport.cmake
[18.607s] -- Installing: /home/axel/dynabot-ros/src/vectornav/install/vectornav_msgs/share/vectornav_msgs/cmake/vectornav_msgs__rosidl_typesupport_cppExport-noconfig.cmake
[18.607s] -- Installing: /home/axel/dynabot-ros/src/vectornav/install/vectornav_msgs/share/vectornav_msgs/cmake/export_vectornav_msgs__rosidl_generator_pyExport.cmake
[18.608s] -- Installing: /home/axel/dynabot-ros/src/vectornav/install/vectornav_msgs/share/vectornav_msgs/cmake/export_vectornav_msgs__rosidl_generator_pyExport-noconfig.cmake
[18.608s] -- Installing: /home/axel/dynabot-ros/src/vectornav/install/vectornav_msgs/share/vectornav_msgs/cmake/rosidl_cmake-extras.cmake
[18.608s] -- Installing: /home/axel/dynabot-ros/src/vectornav/install/vectornav_msgs/share/vectornav_msgs/cmake/ament_cmake_export_dependencies-extras.cmake
[18.608s] -- Installing: /home/axel/dynabot-ros/src/vectornav/install/vectornav_msgs/share/vectornav_msgs/cmake/ament_cmake_export_include_directories-extras.cmake
[18.608s] -- Installing: /home/axel/dynabot-ros/src/vectornav/install/vectornav_msgs/share/vectornav_msgs/cmake/ament_cmake_export_libraries-extras.cmake
[18.609s] -- Installing: /home/axel/dynabot-ros/src/vectornav/install/vectornav_msgs/share/vectornav_msgs/cmake/ament_cmake_export_targets-extras.cmake
[18.609s] -- Installing: /home/axel/dynabot-ros/src/vectornav/install/vectornav_msgs/share/vectornav_msgs/cmake/rosidl_cmake_export_typesupport_targets-extras.cmake
[18.609s] -- Installing: /home/axel/dynabot-ros/src/vectornav/install/vectornav_msgs/share/vectornav_msgs/cmake/rosidl_cmake_export_typesupport_libraries-extras.cmake
[18.609s] -- Installing: /home/axel/dynabot-ros/src/vectornav/install/vectornav_msgs/share/vectornav_msgs/cmake/vectornav_msgsConfig.cmake
[18.609s] -- Installing: /home/axel/dynabot-ros/src/vectornav/install/vectornav_msgs/share/vectornav_msgs/cmake/vectornav_msgsConfig-version.cmake
[18.610s] -- Installing: /home/axel/dynabot-ros/src/vectornav/install/vectornav_msgs/share/vectornav_msgs/package.xml
[18.613s] Invoked command in '/home/axel/dynabot-ros/src/vectornav/build/vectornav_msgs' returned '0': CMAKE_PREFIX_PATH=${CMAKE_PREFIX_PATH}:/home/axel/dynabot-ros/install/motor_test:/home/axel/dynabot-ros/install/motor_control:/home/axel/dynabot-ros/install/lane_detection:/home/axel/dynabot-ros/install/joystick_control:/home/axel/dynabot-ros/install/dynabot_lidar:/home/axel/dynabot-ros/install/dynabot_imu:/home/axel/dynabot-ros/install/dynabot_encoders:/home/axel/dynabot-ros/install/dynabot_cv:/home/axel/dynabot-ros/install/dynabot_camera:/opt/ros/humble /usr/bin/cmake --install /home/axel/dynabot-ros/src/vectornav/build/vectornav_msgs
