[0.013s] Invoking command in '/home/axel/dynabot-ros/src/vectornav/build/vectornav': AMENT_PREFIX_PATH=/home/axel/dynabot-ros/src/vectornav/install/vectornav_msgs:${AMENT_PREFIX_PATH} CMAKE_PREFIX_PATH=/home/axel/dynabot-ros/src/vectornav/install/vectornav_msgs:/home/axel/dynabot-ros/install/vectornav:/home/axel/dynabot-ros/install/vectornav_msgs:/home/axel/dynabot-ros/install/dynabot_description:/home/axel/dynabot-ros/install/dynabot_bringup:/home/axel/dynabot-ros/install/motor_test:/home/axel/dynabot-ros/install/motor_control:/home/axel/dynabot-ros/install/lane_detection:/home/axel/dynabot-ros/install/joystick_control:/home/axel/dynabot-ros/install/dynabot_lidar:/home/axel/dynabot-ros/install/dynabot_imu:/home/axel/dynabot-ros/install/dynabot_encoders:/home/axel/dynabot-ros/install/dynabot_cv:/home/axel/dynabot-ros/install/dynabot_camera:/opt/ros/humble LD_LIBRARY_PATH=/home/axel/dynabot-ros/src/vectornav/install/vectornav_msgs/lib:${LD_LIBRARY_PATH} PYTHONPATH=/home/axel/dynabot-ros/src/vectornav/install/vectornav_msgs/local/lib/python3.10/dist-packages:${PYTHONPATH} /usr/bin/cmake /home/axel/dynabot-ros/src/vectornav/vectornav -DCMAKE_INSTALL_PREFIX=/home/axel/dynabot-ros/src/vectornav/install/vectornav
[0.081s] -- The C compiler identification is GNU 11.4.0
[0.165s] -- The CXX compiler identification is GNU 11.4.0
[0.175s] -- Detecting C compiler ABI info
[0.266s] -- Detecting C compiler ABI info - done
[0.277s] -- Check for working C compiler: /usr/bin/cc - skipped
[0.278s] -- Detecting C compile features
[0.278s] -- Detecting C compile features - done
[0.282s] -- Detecting CXX compiler ABI info
[0.381s] -- Detecting CXX compiler ABI info - done
[0.393s] -- Check for working CXX compiler: /usr/bin/c++ - skipped
[0.393s] -- Detecting CXX compile features
[0.393s] -- Detecting CXX compile features - done
[0.398s] -- Found ament_cmake: 1.3.11 (/opt/ros/humble/share/ament_cmake/cmake)
[0.592s] -- Found Python3: /usr/bin/python3 (found version "3.10.12") found components: Interpreter 
[0.728s] -- Found rclcpp: 16.0.11 (/opt/ros/humble/share/rclcpp/cmake)
[0.790s] -- Found rosidl_generator_c: 3.1.6 (/opt/ros/humble/share/rosidl_generator_c/cmake)
[0.798s] -- Found rosidl_adapter: 3.1.6 (/opt/ros/humble/share/rosidl_adapter/cmake)
[0.809s] -- Found rosidl_generator_cpp: 3.1.6 (/opt/ros/humble/share/rosidl_generator_cpp/cmake)
[0.825s] -- Using all available rosidl_typesupport_c: rosidl_typesupport_fastrtps_c;rosidl_typesupport_introspection_c
[0.846s] -- Using all available rosidl_typesupport_cpp: rosidl_typesupport_fastrtps_cpp;rosidl_typesupport_introspection_cpp
[0.941s] -- Found rmw_implementation_cmake: 6.1.2 (/opt/ros/humble/share/rmw_implementation_cmake/cmake)
[0.949s] -- Found rmw_fastrtps_cpp: 6.2.7 (/opt/ros/humble/share/rmw_fastrtps_cpp/cmake)
[1.098s] -- Found OpenSSL: /usr/lib/x86_64-linux-gnu/libcrypto.so (found version "3.0.2")  
[1.139s] -- Found FastRTPS: /opt/ros/humble/include  
[1.200s] -- Using RMW implementation 'rmw_fastrtps_cpp' as default
[1.221s] -- Looking for pthread.h
[1.311s] -- Looking for pthread.h - found
[1.312s] -- Performing Test CMAKE_HAVE_LIBC_PTHREAD
[1.406s] -- Performing Test CMAKE_HAVE_LIBC_PTHREAD - Success
[1.407s] -- Found Threads: TRUE  
[1.499s] -- Found rclcpp_action: 16.0.11 (/opt/ros/humble/share/rclcpp_action/cmake)
[1.551s] -- Found rclcpp_components: 16.0.11 (/opt/ros/humble/share/rclcpp_components/cmake)
[1.603s] -- Found sensor_msgs: 4.2.4 (/opt/ros/humble/share/sensor_msgs/cmake)
[1.643s] -- Found vectornav_msgs: 3.0.0 (/home/axel/dynabot-ros/src/vectornav/install/vectornav_msgs/share/vectornav_msgs/cmake)
[1.664s] -- Found tf2_geometry_msgs: 0.25.12 (/opt/ros/humble/share/tf2_geometry_msgs/cmake)
[1.694s] -- Found eigen3_cmake_module: 0.1.1 (/opt/ros/humble/share/eigen3_cmake_module/cmake)
[1.696s] -- Found Eigen3: TRUE (found version "3.4.0") 
[1.697s] -- Ensuring Eigen3 include directory is part of orocos-kdl CMake target
[1.780s] -- Found ament_lint_auto: 0.12.11 (/opt/ros/humble/share/ament_lint_auto/cmake)
[1.942s] -- Added test 'cppcheck' to perform static code analysis on C / C++ code
[1.942s] -- Configured cppcheck include dirs: 
[1.942s] -- Configured cppcheck exclude dirs and/or files: 
[1.947s] -- Added test 'cpplint' to check C / C++ code against the Google style
[1.947s] -- Configured cpplint exclude dirs and/or files: 
[1.949s] -- Added test 'flake8' to check Python code syntax and style conventions
[1.951s] -- Added test 'lint_cmake' to check CMake code style
[1.952s] -- Added test 'pep257' to check Python code against some of the docstring style conventions in PEP 257
[1.957s] -- Added test 'uncrustify' to check C / C++ code style
[1.957s] -- Configured uncrustify additional arguments: 
[1.958s] -- Added test 'xmllint' to check XML markup files
[1.961s] -- Configuring done
[2.001s] -- Generating done
[2.013s] -- Build files have been written to: /home/axel/dynabot-ros/src/vectornav/build/vectornav
[2.027s] Invoked command in '/home/axel/dynabot-ros/src/vectornav/build/vectornav' returned '0': AMENT_PREFIX_PATH=/home/axel/dynabot-ros/src/vectornav/install/vectornav_msgs:${AMENT_PREFIX_PATH} CMAKE_PREFIX_PATH=/home/axel/dynabot-ros/src/vectornav/install/vectornav_msgs:/home/axel/dynabot-ros/install/vectornav:/home/axel/dynabot-ros/install/vectornav_msgs:/home/axel/dynabot-ros/install/dynabot_description:/home/axel/dynabot-ros/install/dynabot_bringup:/home/axel/dynabot-ros/install/motor_test:/home/axel/dynabot-ros/install/motor_control:/home/axel/dynabot-ros/install/lane_detection:/home/axel/dynabot-ros/install/joystick_control:/home/axel/dynabot-ros/install/dynabot_lidar:/home/axel/dynabot-ros/install/dynabot_imu:/home/axel/dynabot-ros/install/dynabot_encoders:/home/axel/dynabot-ros/install/dynabot_cv:/home/axel/dynabot-ros/install/dynabot_camera:/opt/ros/humble LD_LIBRARY_PATH=/home/axel/dynabot-ros/src/vectornav/install/vectornav_msgs/lib:${LD_LIBRARY_PATH} PYTHONPATH=/home/axel/dynabot-ros/src/vectornav/install/vectornav_msgs/local/lib/python3.10/dist-packages:${PYTHONPATH} /usr/bin/cmake /home/axel/dynabot-ros/src/vectornav/vectornav -DCMAKE_INSTALL_PREFIX=/home/axel/dynabot-ros/src/vectornav/install/vectornav
[2.028s] Invoking command in '/home/axel/dynabot-ros/src/vectornav/build/vectornav': AMENT_PREFIX_PATH=/home/axel/dynabot-ros/src/vectornav/install/vectornav_msgs:${AMENT_PREFIX_PATH} CMAKE_PREFIX_PATH=/home/axel/dynabot-ros/src/vectornav/install/vectornav_msgs:/home/axel/dynabot-ros/install/vectornav:/home/axel/dynabot-ros/install/vectornav_msgs:/home/axel/dynabot-ros/install/dynabot_description:/home/axel/dynabot-ros/install/dynabot_bringup:/home/axel/dynabot-ros/install/motor_test:/home/axel/dynabot-ros/install/motor_control:/home/axel/dynabot-ros/install/lane_detection:/home/axel/dynabot-ros/install/joystick_control:/home/axel/dynabot-ros/install/dynabot_lidar:/home/axel/dynabot-ros/install/dynabot_imu:/home/axel/dynabot-ros/install/dynabot_encoders:/home/axel/dynabot-ros/install/dynabot_cv:/home/axel/dynabot-ros/install/dynabot_camera:/opt/ros/humble LD_LIBRARY_PATH=/home/axel/dynabot-ros/src/vectornav/install/vectornav_msgs/lib:${LD_LIBRARY_PATH} PYTHONPATH=/home/axel/dynabot-ros/src/vectornav/install/vectornav_msgs/local/lib/python3.10/dist-packages:${PYTHONPATH} /usr/bin/cmake --build /home/axel/dynabot-ros/src/vectornav/build/vectornav -- -j8 -l8
[2.100s] [  6%] [32mBuilding CXX object vnproglib-1.2.0.0/cpp/CMakeFiles/vncxx.dir/src/attitude.cpp.o[0m
[2.101s] [  6%] [32mBuilding CXX object CMakeFiles/vn_sensor_msgs_lib.dir/src/vn_sensor_msgs.cc.o[0m
[2.101s] [  9%] [32mBuilding CXX object vnproglib-1.2.0.0/cpp/CMakeFiles/vncxx.dir/src/compositedata.cpp.o[0m
[2.101s] [ 15%] [32mBuilding CXX object vnproglib-1.2.0.0/cpp/CMakeFiles/vncxx.dir/src/conversions.cpp.o[0m
[2.102s] [ 15%] [32mBuilding CXX object vnproglib-1.2.0.0/cpp/CMakeFiles/vncxx.dir/src/dllvalidator.cpp.o[0m
[2.102s] [ 18%] [32mBuilding CXX object vnproglib-1.2.0.0/cpp/CMakeFiles/vncxx.dir/src/error_detection.cpp.o[0m
[2.103s] [ 21%] [32mBuilding CXX object vnproglib-1.2.0.0/cpp/CMakeFiles/vncxx.dir/src/event.cpp.o[0m
[2.103s] [ 25%] [32mBuilding CXX object vnproglib-1.2.0.0/cpp/CMakeFiles/vncxx.dir/src/criticalsection.cpp.o[0m
[2.151s] [ 28%] [32mBuilding CXX object vnproglib-1.2.0.0/cpp/CMakeFiles/vncxx.dir/src/ezasyncdata.cpp.o[0m
[2.505s] [ 31%] [32mBuilding CXX object vnproglib-1.2.0.0/cpp/CMakeFiles/vncxx.dir/src/memoryport.cpp.o[0m
[2.519s] [ 34%] [32mBuilding CXX object vnproglib-1.2.0.0/cpp/CMakeFiles/vncxx.dir/src/packet.cpp.o[0m
[2.590s] [ 37%] [32mBuilding CXX object vnproglib-1.2.0.0/cpp/CMakeFiles/vncxx.dir/src/packetfinder.cpp.o[0m
[2.824s] [ 40%] [32mBuilding CXX object vnproglib-1.2.0.0/cpp/CMakeFiles/vncxx.dir/src/port.cpp.o[0m
[2.863s] [ 43%] [32mBuilding CXX object vnproglib-1.2.0.0/cpp/CMakeFiles/vncxx.dir/src/position.cpp.o[0m
[2.879s] [ 46%] [32mBuilding CXX object vnproglib-1.2.0.0/cpp/CMakeFiles/vncxx.dir/src/rtcmlistener.cpp.o[0m
[2.925s] [ 50%] [32mBuilding CXX object vnproglib-1.2.0.0/cpp/CMakeFiles/vncxx.dir/src/rtcmmessage.cpp.o[0m
[2.971s] [ 53%] [32mBuilding CXX object vnproglib-1.2.0.0/cpp/CMakeFiles/vncxx.dir/src/searcher.cpp.o[0m
[3.283s] [ 56%] [32mBuilding CXX object vnproglib-1.2.0.0/cpp/CMakeFiles/vncxx.dir/src/sensors.cpp.o[0m
[3.351s] [ 59%] [32mBuilding CXX object vnproglib-1.2.0.0/cpp/CMakeFiles/vncxx.dir/src/serialport.cpp.o[0m
[3.434s] [ 62%] [32mBuilding CXX object vnproglib-1.2.0.0/cpp/CMakeFiles/vncxx.dir/src/thread.cpp.o[0m
[3.436s] [ 65%] [32mBuilding CXX object vnproglib-1.2.0.0/cpp/CMakeFiles/vncxx.dir/src/types.cpp.o[0m
[3.497s] [ 68%] [32mBuilding CXX object vnproglib-1.2.0.0/cpp/CMakeFiles/vncxx.dir/src/util.cpp.o[0m
[3.550s] [ 71%] [32mBuilding CXX object vnproglib-1.2.0.0/cpp/CMakeFiles/vncxx.dir/src/utilities.cpp.o[0m
[3.799s] [ 75%] [32mBuilding CXX object vnproglib-1.2.0.0/cpp/CMakeFiles/vncxx.dir/src/vntime.cpp.o[0m
[4.656s] [ 78%] [32m[1mLinking CXX shared library libvncxx.so[0m
[4.893s] [ 78%] Built target vncxx
[4.933s] [ 81%] [32mBuilding CXX object CMakeFiles/vectornav_lib.dir/src/vectornav.cc.o[0m
[21.744s] [ 84%] [32m[1mLinking CXX shared library libvectornav_lib.so[0m
[22.800s] [ 84%] Built target vectornav_lib
[22.828s] [ 87%] [32mBuilding CXX object CMakeFiles/vectornav.dir/src/vectornav_node.cc.o[0m
[26.949s] [ 90%] [32m[1mLinking CXX executable vectornav[0m
[27.408s] [ 90%] Built target vectornav
[35.561s] [ 93%] [32m[1mLinking CXX shared library libvn_sensor_msgs_lib.so[0m
[38.024s] [ 93%] Built target vn_sensor_msgs_lib
[38.051s] [ 96%] [32mBuilding CXX object CMakeFiles/vn_sensor_msgs.dir/src/vn_sensor_msgs_node.cc.o[0m
[42.417s] [100%] [32m[1mLinking CXX executable vn_sensor_msgs[0m
[43.406s] [100%] Built target vn_sensor_msgs
[43.424s] Invoked command in '/home/axel/dynabot-ros/src/vectornav/build/vectornav' returned '0': AMENT_PREFIX_PATH=/home/axel/dynabot-ros/src/vectornav/install/vectornav_msgs:${AMENT_PREFIX_PATH} CMAKE_PREFIX_PATH=/home/axel/dynabot-ros/src/vectornav/install/vectornav_msgs:/home/axel/dynabot-ros/install/vectornav:/home/axel/dynabot-ros/install/vectornav_msgs:/home/axel/dynabot-ros/install/dynabot_description:/home/axel/dynabot-ros/install/dynabot_bringup:/home/axel/dynabot-ros/install/motor_test:/home/axel/dynabot-ros/install/motor_control:/home/axel/dynabot-ros/install/lane_detection:/home/axel/dynabot-ros/install/joystick_control:/home/axel/dynabot-ros/install/dynabot_lidar:/home/axel/dynabot-ros/install/dynabot_imu:/home/axel/dynabot-ros/install/dynabot_encoders:/home/axel/dynabot-ros/install/dynabot_cv:/home/axel/dynabot-ros/install/dynabot_camera:/opt/ros/humble LD_LIBRARY_PATH=/home/axel/dynabot-ros/src/vectornav/install/vectornav_msgs/lib:${LD_LIBRARY_PATH} PYTHONPATH=/home/axel/dynabot-ros/src/vectornav/install/vectornav_msgs/local/lib/python3.10/dist-packages:${PYTHONPATH} /usr/bin/cmake --build /home/axel/dynabot-ros/src/vectornav/build/vectornav -- -j8 -l8
[43.427s] Invoking command in '/home/axel/dynabot-ros/src/vectornav/build/vectornav': AMENT_PREFIX_PATH=/home/axel/dynabot-ros/src/vectornav/install/vectornav_msgs:${AMENT_PREFIX_PATH} CMAKE_PREFIX_PATH=/home/axel/dynabot-ros/src/vectornav/install/vectornav_msgs:/home/axel/dynabot-ros/install/vectornav:/home/axel/dynabot-ros/install/vectornav_msgs:/home/axel/dynabot-ros/install/dynabot_description:/home/axel/dynabot-ros/install/dynabot_bringup:/home/axel/dynabot-ros/install/motor_test:/home/axel/dynabot-ros/install/motor_control:/home/axel/dynabot-ros/install/lane_detection:/home/axel/dynabot-ros/install/joystick_control:/home/axel/dynabot-ros/install/dynabot_lidar:/home/axel/dynabot-ros/install/dynabot_imu:/home/axel/dynabot-ros/install/dynabot_encoders:/home/axel/dynabot-ros/install/dynabot_cv:/home/axel/dynabot-ros/install/dynabot_camera:/opt/ros/humble LD_LIBRARY_PATH=/home/axel/dynabot-ros/src/vectornav/install/vectornav_msgs/lib:${LD_LIBRARY_PATH} PYTHONPATH=/home/axel/dynabot-ros/src/vectornav/install/vectornav_msgs/local/lib/python3.10/dist-packages:${PYTHONPATH} /usr/bin/cmake --install /home/axel/dynabot-ros/src/vectornav/build/vectornav
[43.437s] -- Install configuration: ""
[43.438s] -- Installing: /home/axel/dynabot-ros/src/vectornav/install/vectornav/lib/libvectornav_lib.so
[43.450s] -- Set runtime path of "/home/axel/dynabot-ros/src/vectornav/install/vectornav/lib/libvectornav_lib.so" to ""
[43.450s] -- Installing: /home/axel/dynabot-ros/src/vectornav/install/vectornav/lib/libvn_sensor_msgs_lib.so
[43.478s] -- Set runtime path of "/home/axel/dynabot-ros/src/vectornav/install/vectornav/lib/libvn_sensor_msgs_lib.so" to ""
[43.479s] -- Installing: /home/axel/dynabot-ros/src/vectornav/install/vectornav/lib/vectornav/vectornav
[43.479s] -- Set runtime path of "/home/axel/dynabot-ros/src/vectornav/install/vectornav/lib/vectornav/vectornav" to ""
[43.479s] -- Installing: /home/axel/dynabot-ros/src/vectornav/install/vectornav/lib/vectornav/vn_sensor_msgs
[43.480s] -- Set runtime path of "/home/axel/dynabot-ros/src/vectornav/install/vectornav/lib/vectornav/vn_sensor_msgs" to ""
[43.480s] -- Installing: /home/axel/dynabot-ros/src/vectornav/install/vectornav/share/vectornav//config
[43.480s] -- Installing: /home/axel/dynabot-ros/src/vectornav/install/vectornav/share/vectornav//config/vectornav.yaml
[43.480s] -- Installing: /home/axel/dynabot-ros/src/vectornav/install/vectornav/share/vectornav//config/vn_sensor_msgs_composable.yaml
[43.480s] -- Installing: /home/axel/dynabot-ros/src/vectornav/install/vectornav/share/vectornav//config/vn_100_800hz.yaml
[43.481s] -- Installing: /home/axel/dynabot-ros/src/vectornav/install/vectornav/share/vectornav//config/vectornav_composable.yaml
[43.481s] -- Installing: /home/axel/dynabot-ros/src/vectornav/install/vectornav/share/vectornav//launch
[43.481s] -- Installing: /home/axel/dynabot-ros/src/vectornav/install/vectornav/share/vectornav//launch/vectornav.launch.py
[43.481s] -- Installing: /home/axel/dynabot-ros/src/vectornav/install/vectornav/share/vectornav//launch/vectornav_composable.launch.py
[43.481s] -- Installing: /home/axel/dynabot-ros/src/vectornav/install/vectornav/share/ament_index/resource_index/package_run_dependencies/vectornav
[43.481s] -- Installing: /home/axel/dynabot-ros/src/vectornav/install/vectornav/share/ament_index/resource_index/parent_prefix_path/vectornav
[43.481s] -- Installing: /home/axel/dynabot-ros/src/vectornav/install/vectornav/share/vectornav/environment/ament_prefix_path.sh
[43.482s] -- Installing: /home/axel/dynabot-ros/src/vectornav/install/vectornav/share/vectornav/environment/ament_prefix_path.dsv
[43.482s] -- Installing: /home/axel/dynabot-ros/src/vectornav/install/vectornav/share/vectornav/environment/path.sh
[43.482s] -- Installing: /home/axel/dynabot-ros/src/vectornav/install/vectornav/share/vectornav/environment/path.dsv
[43.482s] -- Installing: /home/axel/dynabot-ros/src/vectornav/install/vectornav/share/vectornav/local_setup.bash
[43.482s] -- Installing: /home/axel/dynabot-ros/src/vectornav/install/vectornav/share/vectornav/local_setup.sh
[43.482s] -- Installing: /home/axel/dynabot-ros/src/vectornav/install/vectornav/share/vectornav/local_setup.zsh
[43.483s] -- Installing: /home/axel/dynabot-ros/src/vectornav/install/vectornav/share/vectornav/local_setup.dsv
[43.483s] -- Installing: /home/axel/dynabot-ros/src/vectornav/install/vectornav/share/vectornav/package.dsv
[43.483s] -- Installing: /home/axel/dynabot-ros/src/vectornav/install/vectornav/share/ament_index/resource_index/packages/vectornav
[43.483s] -- Installing: /home/axel/dynabot-ros/src/vectornav/install/vectornav/share/ament_index/resource_index/rclcpp_components/vectornav
[43.484s] -- Installing: /home/axel/dynabot-ros/src/vectornav/install/vectornav/share/vectornav/cmake/ament_cmake_export_dependencies-extras.cmake
[43.484s] -- Installing: /home/axel/dynabot-ros/src/vectornav/install/vectornav/share/vectornav/cmake/vectornavConfig.cmake
[43.484s] -- Installing: /home/axel/dynabot-ros/src/vectornav/install/vectornav/share/vectornav/cmake/vectornavConfig-version.cmake
[43.484s] -- Installing: /home/axel/dynabot-ros/src/vectornav/install/vectornav/share/vectornav/package.xml
[43.484s] -- Installing: /home/axel/dynabot-ros/src/vectornav/install/vectornav/lib/libvncxx.so
[43.486s] -- Installing: /home/axel/dynabot-ros/src/vectornav/install/vectornav/include/vn
[43.486s] -- Installing: /home/axel/dynabot-ros/src/vectornav/install/vectornav/include/vn/rtcmlistener.h
[43.486s] -- Installing: /home/axel/dynabot-ros/src/vectornav/install/vectornav/include/vn/consts.h
[43.486s] -- Installing: /home/axel/dynabot-ros/src/vectornav/install/vectornav/include/vn/searcher.h
[43.486s] -- Installing: /home/axel/dynabot-ros/src/vectornav/install/vectornav/include/vn/conversions.h
[43.486s] -- Installing: /home/axel/dynabot-ros/src/vectornav/install/vectornav/include/vn/packet.h
[43.487s] -- Installing: /home/axel/dynabot-ros/src/vectornav/install/vectornav/include/vn/compositedata.h
[43.487s] -- Installing: /home/axel/dynabot-ros/src/vectornav/install/vectornav/include/vn/port.h
[43.487s] -- Installing: /home/axel/dynabot-ros/src/vectornav/install/vectornav/include/vn/types.h
[43.487s] -- Installing: /home/axel/dynabot-ros/src/vectornav/install/vectornav/include/vn/compiler.h
[43.487s] -- Installing: /home/axel/dynabot-ros/src/vectornav/install/vectornav/include/vn/exceptions.h
[43.487s] -- Installing: /home/axel/dynabot-ros/src/vectornav/install/vectornav/include/vn/nocopy.h
[43.487s] -- Installing: /home/axel/dynabot-ros/src/vectornav/install/vectornav/include/vn/position.h
[43.487s] -- Installing: /home/axel/dynabot-ros/src/vectornav/install/vectornav/include/vn/event.h
[43.488s] -- Installing: /home/axel/dynabot-ros/src/vectornav/install/vectornav/include/vn/memoryport.h
[43.488s] -- Installing: /home/axel/dynabot-ros/src/vectornav/install/vectornav/include/vn/vntime.h
[43.488s] -- Installing: /home/axel/dynabot-ros/src/vectornav/install/vectornav/include/vn/util.h
[43.488s] -- Installing: /home/axel/dynabot-ros/src/vectornav/install/vectornav/include/vn/boostpython.h
[43.488s] -- Installing: /home/axel/dynabot-ros/src/vectornav/install/vectornav/include/vn/criticalsection.h
[43.488s] -- Installing: /home/axel/dynabot-ros/src/vectornav/install/vectornav/include/vn/ezasyncdata.h
[43.488s] -- Installing: /home/axel/dynabot-ros/src/vectornav/install/vectornav/include/vn/attitude.h
[43.488s] -- Installing: /home/axel/dynabot-ros/src/vectornav/install/vectornav/include/vn/registers.h
[43.489s] -- Installing: /home/axel/dynabot-ros/src/vectornav/install/vectornav/include/vn/thread.h
[43.489s] -- Installing: /home/axel/dynabot-ros/src/vectornav/install/vectornav/include/vn/mock.h
[43.489s] -- Installing: /home/axel/dynabot-ros/src/vectornav/install/vectornav/include/vn/dllvalidator.h
[43.489s] -- Installing: /home/axel/dynabot-ros/src/vectornav/install/vectornav/include/vn/utilities.h
[43.489s] -- Installing: /home/axel/dynabot-ros/src/vectornav/install/vectornav/include/vn/packetfinder.h
[43.489s] -- Installing: /home/axel/dynabot-ros/src/vectornav/install/vectornav/include/vn/sensors.h
[43.489s] -- Installing: /home/axel/dynabot-ros/src/vectornav/install/vectornav/include/vn/int.h
[43.490s] -- Installing: /home/axel/dynabot-ros/src/vectornav/install/vectornav/include/vn/export.h
[43.490s] -- Installing: /home/axel/dynabot-ros/src/vectornav/install/vectornav/include/vn/vector.h
[43.490s] -- Installing: /home/axel/dynabot-ros/src/vectornav/install/vectornav/include/vn/signal.h
[43.490s] -- Installing: /home/axel/dynabot-ros/src/vectornav/install/vectornav/include/vn/matrix.h
[43.490s] -- Installing: /home/axel/dynabot-ros/src/vectornav/install/vectornav/include/vn/rtcmmessage.h
[43.490s] -- Installing: /home/axel/dynabot-ros/src/vectornav/install/vectornav/include/vn/error_detection.h
[43.491s] -- Installing: /home/axel/dynabot-ros/src/vectornav/install/vectornav/include/vn/serialport.h
[43.493s] Invoked command in '/home/axel/dynabot-ros/src/vectornav/build/vectornav' returned '0': AMENT_PREFIX_PATH=/home/axel/dynabot-ros/src/vectornav/install/vectornav_msgs:${AMENT_PREFIX_PATH} CMAKE_PREFIX_PATH=/home/axel/dynabot-ros/src/vectornav/install/vectornav_msgs:/home/axel/dynabot-ros/install/vectornav:/home/axel/dynabot-ros/install/vectornav_msgs:/home/axel/dynabot-ros/install/dynabot_description:/home/axel/dynabot-ros/install/dynabot_bringup:/home/axel/dynabot-ros/install/motor_test:/home/axel/dynabot-ros/install/motor_control:/home/axel/dynabot-ros/install/lane_detection:/home/axel/dynabot-ros/install/joystick_control:/home/axel/dynabot-ros/install/dynabot_lidar:/home/axel/dynabot-ros/install/dynabot_imu:/home/axel/dynabot-ros/install/dynabot_encoders:/home/axel/dynabot-ros/install/dynabot_cv:/home/axel/dynabot-ros/install/dynabot_camera:/opt/ros/humble LD_LIBRARY_PATH=/home/axel/dynabot-ros/src/vectornav/install/vectornav_msgs/lib:${LD_LIBRARY_PATH} PYTHONPATH=/home/axel/dynabot-ros/src/vectornav/install/vectornav_msgs/local/lib/python3.10/dist-packages:${PYTHONPATH} /usr/bin/cmake --install /home/axel/dynabot-ros/src/vectornav/build/vectornav
